
=== rank007_GWHPBECS041244 GPU 1 2026-06-19 01:47:45 ===
Atoms: 65274, GPU: 0, prod_ns: 2.0
Energy minimization...
NVT 100 ps...
NPT 100 ps...
Production 2.0 ns (1000000 steps)...
{
  "job_id": "rank007_GWHPBECS041244",
  "rank": "7",
  "protein_id": "GWHPBECS041244",
  "gpu_id": 0,
  "prod_ns": 2.0,
  "elapsed_min": 51.62432346343994,
  "status": "done",
  "platform": "OpenMM-CUDA",
  "production_ns": 2.0,
  "n_atoms": 65274,
  "trajectory": "/home/jnz/AIGT_esmc/Gromacs/neg_fix_v1_top200/rank007_GWHPBECS041244/outputs/prod.dcd",
  "final_pdb": "/home/jnz/AIGT_esmc/Gromacs/neg_fix_v1_top200/rank007_GWHPBECS041244/outputs/final.pdb",
  "log": "/home/jnz/AIGT_esmc/Gromacs/neg_fix_v1_top200/rank007_GWHPBECS041244/outputs/prod.log"
}
