
=== rank175_GWHPBECS012287 GPU 2 2026-06-20 17:42:45 ===
Atoms: 56557, GPU: 0, prod_ns: 2.0
Energy minimization...
NVT 100 ps...
NPT 100 ps...
Production 2.0 ns (1000000 steps)...
{
  "job_id": "rank175_GWHPBECS012287",
  "rank": "175",
  "protein_id": "GWHPBECS012287",
  "gpu_id": 0,
  "prod_ns": 2.0,
  "elapsed_min": 35.4142040292422,
  "status": "done",
  "platform": "OpenMM-CUDA",
  "production_ns": 2.0,
  "n_atoms": 56557,
  "trajectory": "/home/jnz/AIGT_esmc/Gromacs/neg_fix_v1_top200/rank175_GWHPBECS012287/outputs/prod.dcd",
  "final_pdb": "/home/jnz/AIGT_esmc/Gromacs/neg_fix_v1_top200/rank175_GWHPBECS012287/outputs/final.pdb",
  "log": "/home/jnz/AIGT_esmc/Gromacs/neg_fix_v1_top200/rank175_GWHPBECS012287/outputs/prod.log"
}
