
=== rank011_GWHPBECS041243 GPU 2 2026-06-19 02:40:41 ===
Atoms: 68004, GPU: 0, prod_ns: 2.0
Energy minimization...
NVT 100 ps...
NPT 100 ps...
Production 2.0 ns (1000000 steps)...
{
  "job_id": "rank011_GWHPBECS041243",
  "rank": "11",
  "protein_id": "GWHPBECS041243",
  "gpu_id": 0,
  "prod_ns": 2.0,
  "elapsed_min": 52.97105459372202,
  "status": "done",
  "platform": "OpenMM-CUDA",
  "production_ns": 2.0,
  "n_atoms": 68004,
  "trajectory": "/home/jnz/AIGT_esmc/Gromacs/neg_fix_v1_top200/rank011_GWHPBECS041243/outputs/prod.dcd",
  "final_pdb": "/home/jnz/AIGT_esmc/Gromacs/neg_fix_v1_top200/rank011_GWHPBECS041243/outputs/final.pdb",
  "log": "/home/jnz/AIGT_esmc/Gromacs/neg_fix_v1_top200/rank011_GWHPBECS041243/outputs/prod.log"
}
