
=== rank059_GWHPBECS039789 GPU 3 2026-06-19 14:36:29 ===
Atoms: 64764, GPU: 0, prod_ns: 2.0
Energy minimization...
NVT 100 ps...
NPT 100 ps...
Production 2.0 ns (1000000 steps)...
{
  "job_id": "rank059_GWHPBECS039789",
  "rank": "59",
  "protein_id": "GWHPBECS039789",
  "gpu_id": 0,
  "prod_ns": 2.0,
  "elapsed_min": 40.18860151370367,
  "status": "done",
  "platform": "OpenMM-CUDA",
  "production_ns": 2.0,
  "n_atoms": 64764,
  "trajectory": "/home/jnz/AIGT_esmc/Gromacs/neg_fix_v1_top200/rank059_GWHPBECS039789/outputs/prod.dcd",
  "final_pdb": "/home/jnz/AIGT_esmc/Gromacs/neg_fix_v1_top200/rank059_GWHPBECS039789/outputs/final.pdb",
  "log": "/home/jnz/AIGT_esmc/Gromacs/neg_fix_v1_top200/rank059_GWHPBECS039789/outputs/prod.log"
}
