
=== rank157_GWHPBECS013082 GPU 2 2026-06-20 13:21:38 ===
Atoms: 69289, GPU: 0, prod_ns: 2.0
Energy minimization...
NVT 100 ps...
NPT 100 ps...
Production 2.0 ns (1000000 steps)...
{
  "job_id": "rank157_GWHPBECS013082",
  "rank": "157",
  "protein_id": "GWHPBECS013082",
  "gpu_id": 0,
  "prod_ns": 2.0,
  "elapsed_min": 53.2045780301094,
  "status": "done",
  "platform": "OpenMM-CUDA",
  "production_ns": 2.0,
  "n_atoms": 69289,
  "trajectory": "/home/jnz/AIGT_esmc/Gromacs/neg_fix_v1_top200/rank157_GWHPBECS013082/outputs/prod.dcd",
  "final_pdb": "/home/jnz/AIGT_esmc/Gromacs/neg_fix_v1_top200/rank157_GWHPBECS013082/outputs/final.pdb",
  "log": "/home/jnz/AIGT_esmc/Gromacs/neg_fix_v1_top200/rank157_GWHPBECS013082/outputs/prod.log"
}
