
=== rank086_GWHPBECS012285 GPU 1 2026-06-19 20:44:52 ===
Atoms: 59548, GPU: 0, prod_ns: 2.0
Energy minimization...
NVT 100 ps...
NPT 100 ps...
Production 2.0 ns (1000000 steps)...
{
  "job_id": "rank086_GWHPBECS012285",
  "rank": "86",
  "protein_id": "GWHPBECS012285",
  "gpu_id": 0,
  "prod_ns": 2.0,
  "elapsed_min": 37.69292817115784,
  "status": "done",
  "platform": "OpenMM-CUDA",
  "production_ns": 2.0,
  "n_atoms": 59548,
  "trajectory": "/home/jnz/AIGT_esmc/Gromacs/neg_fix_v1_top200/rank086_GWHPBECS012285/outputs/prod.dcd",
  "final_pdb": "/home/jnz/AIGT_esmc/Gromacs/neg_fix_v1_top200/rank086_GWHPBECS012285/outputs/final.pdb",
  "log": "/home/jnz/AIGT_esmc/Gromacs/neg_fix_v1_top200/rank086_GWHPBECS012285/outputs/prod.log"
}
