
=== rank034_GWHPBECS019467 GPU 3 2026-06-19 08:21:41 ===
Atoms: 68648, GPU: 0, prod_ns: 2.0
Energy minimization...
NVT 100 ps...
NPT 100 ps...
Production 2.0 ns (1000000 steps)...
{
  "job_id": "rank034_GWHPBECS019467",
  "rank": "34",
  "protein_id": "GWHPBECS019467",
  "gpu_id": 0,
  "prod_ns": 2.0,
  "elapsed_min": 43.903468159834546,
  "status": "done",
  "platform": "OpenMM-CUDA",
  "production_ns": 2.0,
  "n_atoms": 68648,
  "trajectory": "/home/jnz/AIGT_esmc/Gromacs/neg_fix_v1_top200/rank034_GWHPBECS019467/outputs/prod.dcd",
  "final_pdb": "/home/jnz/AIGT_esmc/Gromacs/neg_fix_v1_top200/rank034_GWHPBECS019467/outputs/final.pdb",
  "log": "/home/jnz/AIGT_esmc/Gromacs/neg_fix_v1_top200/rank034_GWHPBECS019467/outputs/prod.log"
}
