
=== rank188_GWHPBECS020861 GPU 1 2026-06-20 20:34:03 ===
Atoms: 73065, GPU: 0, prod_ns: 2.0
Energy minimization...
NVT 100 ps...
NPT 100 ps...
Production 2.0 ns (1000000 steps)...
{
  "job_id": "rank188_GWHPBECS020861",
  "rank": "188",
  "protein_id": "GWHPBECS020861",
  "gpu_id": 0,
  "prod_ns": 2.0,
  "elapsed_min": 40.49669170777003,
  "status": "done",
  "platform": "OpenMM-CUDA",
  "production_ns": 2.0,
  "n_atoms": 73065,
  "trajectory": "/home/jnz/AIGT_esmc/Gromacs/neg_fix_v1_top200/rank188_GWHPBECS020861/outputs/prod.dcd",
  "final_pdb": "/home/jnz/AIGT_esmc/Gromacs/neg_fix_v1_top200/rank188_GWHPBECS020861/outputs/final.pdb",
  "log": "/home/jnz/AIGT_esmc/Gromacs/neg_fix_v1_top200/rank188_GWHPBECS020861/outputs/prod.log"
}
