
=== rank035_GWHPBECS039808 GPU 2 2026-06-19 08:32:14 ===
Atoms: 57708, GPU: 0, prod_ns: 2.0
Energy minimization...
NVT 100 ps...
NPT 100 ps...
Production 2.0 ns (1000000 steps)...
{
  "job_id": "rank035_GWHPBECS039808",
  "rank": "35",
  "protein_id": "GWHPBECS039808",
  "gpu_id": 0,
  "prod_ns": 2.0,
  "elapsed_min": 34.806148159503934,
  "status": "done",
  "platform": "OpenMM-CUDA",
  "production_ns": 2.0,
  "n_atoms": 57708,
  "trajectory": "/home/jnz/AIGT_esmc/Gromacs/neg_fix_v1_top200/rank035_GWHPBECS039808/outputs/prod.dcd",
  "final_pdb": "/home/jnz/AIGT_esmc/Gromacs/neg_fix_v1_top200/rank035_GWHPBECS039808/outputs/final.pdb",
  "log": "/home/jnz/AIGT_esmc/Gromacs/neg_fix_v1_top200/rank035_GWHPBECS039808/outputs/prod.log"
}
