
=== rank184_ON569258 GPU 3 2026-06-20 19:51:03 ===
Atoms: 67304, GPU: 0, prod_ns: 2.0
Energy minimization...
NVT 100 ps...
NPT 100 ps...
Production 2.0 ns (1000000 steps)...
{
  "job_id": "rank184_ON569258",
  "rank": "184",
  "protein_id": "ON569258",
  "gpu_id": 0,
  "prod_ns": 2.0,
  "elapsed_min": 41.897379656632744,
  "status": "done",
  "platform": "OpenMM-CUDA",
  "production_ns": 2.0,
  "n_atoms": 67304,
  "trajectory": "/home/jnz/AIGT_esmc/Gromacs/neg_fix_v1_top200/rank184_ON569258/outputs/prod.dcd",
  "final_pdb": "/home/jnz/AIGT_esmc/Gromacs/neg_fix_v1_top200/rank184_ON569258/outputs/final.pdb",
  "log": "/home/jnz/AIGT_esmc/Gromacs/neg_fix_v1_top200/rank184_ON569258/outputs/prod.log"
}
