
=== rank098_GWHPBECS028344 GPU 3 2026-06-19 23:28:41 ===
Atoms: 90820, GPU: 0, prod_ns: 2.0
Energy minimization...
NVT 100 ps...
NPT 100 ps...
Production 2.0 ns (1000000 steps)...
{
  "job_id": "rank098_GWHPBECS028344",
  "rank": "98",
  "protein_id": "GWHPBECS028344",
  "gpu_id": 0,
  "prod_ns": 2.0,
  "elapsed_min": 56.45792490243912,
  "status": "done",
  "platform": "OpenMM-CUDA",
  "production_ns": 2.0,
  "n_atoms": 90820,
  "trajectory": "/home/jnz/AIGT_esmc/Gromacs/neg_fix_v1_top200/rank098_GWHPBECS028344/outputs/prod.dcd",
  "final_pdb": "/home/jnz/AIGT_esmc/Gromacs/neg_fix_v1_top200/rank098_GWHPBECS028344/outputs/final.pdb",
  "log": "/home/jnz/AIGT_esmc/Gromacs/neg_fix_v1_top200/rank098_GWHPBECS028344/outputs/prod.log"
}
