
=== rank150_GWHPBECS026461 GPU 2 2026-06-20 11:57:50 ===
Atoms: 68523, GPU: 0, prod_ns: 2.0
Energy minimization...
NVT 100 ps...
NPT 100 ps...
Production 2.0 ns (1000000 steps)...
{
  "job_id": "rank150_GWHPBECS026461",
  "rank": "150",
  "protein_id": "GWHPBECS026461",
  "gpu_id": 0,
  "prod_ns": 2.0,
  "elapsed_min": 41.458888645966844,
  "status": "done",
  "platform": "OpenMM-CUDA",
  "production_ns": 2.0,
  "n_atoms": 68523,
  "trajectory": "/home/jnz/AIGT_esmc/Gromacs/neg_fix_v1_top200/rank150_GWHPBECS026461/outputs/prod.dcd",
  "final_pdb": "/home/jnz/AIGT_esmc/Gromacs/neg_fix_v1_top200/rank150_GWHPBECS026461/outputs/final.pdb",
  "log": "/home/jnz/AIGT_esmc/Gromacs/neg_fix_v1_top200/rank150_GWHPBECS026461/outputs/prod.log"
}
