
=== rank187_GWHPBECS026592 GPU 3 2026-06-20 20:32:58 ===
Atoms: 67988, GPU: 0, prod_ns: 2.0
Energy minimization...
NVT 100 ps...
NPT 100 ps...
Production 2.0 ns (1000000 steps)...
{
  "job_id": "rank187_GWHPBECS026592",
  "rank": "187",
  "protein_id": "GWHPBECS026592",
  "gpu_id": 0,
  "prod_ns": 2.0,
  "elapsed_min": 42.32673608064651,
  "status": "done",
  "platform": "OpenMM-CUDA",
  "production_ns": 2.0,
  "n_atoms": 67988,
  "trajectory": "/home/jnz/AIGT_esmc/Gromacs/neg_fix_v1_top200/rank187_GWHPBECS026592/outputs/prod.dcd",
  "final_pdb": "/home/jnz/AIGT_esmc/Gromacs/neg_fix_v1_top200/rank187_GWHPBECS026592/outputs/final.pdb",
  "log": "/home/jnz/AIGT_esmc/Gromacs/neg_fix_v1_top200/rank187_GWHPBECS026592/outputs/prod.log"
}
