
=== rank191_GWHPBECS039809 GPU 3 2026-06-20 21:15:18 ===
Atoms: 67633, GPU: 0, prod_ns: 2.0
Energy minimization...
NVT 100 ps...
NPT 100 ps...
Production 2.0 ns (1000000 steps)...
{
  "job_id": "rank191_GWHPBECS039809",
  "rank": "191",
  "protein_id": "GWHPBECS039809",
  "gpu_id": 0,
  "prod_ns": 2.0,
  "elapsed_min": 42.397058896223704,
  "status": "done",
  "platform": "OpenMM-CUDA",
  "production_ns": 2.0,
  "n_atoms": 67633,
  "trajectory": "/home/jnz/AIGT_esmc/Gromacs/neg_fix_v1_top200/rank191_GWHPBECS039809/outputs/prod.dcd",
  "final_pdb": "/home/jnz/AIGT_esmc/Gromacs/neg_fix_v1_top200/rank191_GWHPBECS039809/outputs/final.pdb",
  "log": "/home/jnz/AIGT_esmc/Gromacs/neg_fix_v1_top200/rank191_GWHPBECS039809/outputs/prod.log"
}
