
=== rank136_GWHPBECS012488 GPU 2 2026-06-20 08:37:42 ===
Atoms: 76366, GPU: 0, prod_ns: 2.0
Energy minimization...
NVT 100 ps...
NPT 100 ps...
Production 2.0 ns (1000000 steps)...
{
  "job_id": "rank136_GWHPBECS012488",
  "rank": "136",
  "protein_id": "GWHPBECS012488",
  "gpu_id": 0,
  "prod_ns": 2.0,
  "elapsed_min": 41.3897510766983,
  "status": "done",
  "platform": "OpenMM-CUDA",
  "production_ns": 2.0,
  "n_atoms": 76366,
  "trajectory": "/home/jnz/AIGT_esmc/Gromacs/neg_fix_v1_top200/rank136_GWHPBECS012488/outputs/prod.dcd",
  "final_pdb": "/home/jnz/AIGT_esmc/Gromacs/neg_fix_v1_top200/rank136_GWHPBECS012488/outputs/final.pdb",
  "log": "/home/jnz/AIGT_esmc/Gromacs/neg_fix_v1_top200/rank136_GWHPBECS012488/outputs/prod.log"
}
