
=== rank040_GWHPBECS026448 GPU 2 2026-06-19 09:48:22 ===
Atoms: 76634, GPU: 0, prod_ns: 2.0
Energy minimization...
NVT 100 ps...
NPT 100 ps...
Production 2.0 ns (1000000 steps)...
{
  "job_id": "rank040_GWHPBECS026448",
  "rank": "40",
  "protein_id": "GWHPBECS026448",
  "gpu_id": 0,
  "prod_ns": 2.0,
  "elapsed_min": 91.07463275194168,
  "status": "done",
  "platform": "OpenMM-CUDA",
  "production_ns": 2.0,
  "n_atoms": 76634,
  "trajectory": "/home/jnz/AIGT_esmc/Gromacs/neg_fix_v1_top200/rank040_GWHPBECS026448/outputs/prod.dcd",
  "final_pdb": "/home/jnz/AIGT_esmc/Gromacs/neg_fix_v1_top200/rank040_GWHPBECS026448/outputs/final.pdb",
  "log": "/home/jnz/AIGT_esmc/Gromacs/neg_fix_v1_top200/rank040_GWHPBECS026448/outputs/prod.log"
}
