
=== rank070_GWHPBECS006410 GPU 1 2026-06-19 16:56:46 ===
Atoms: 63320, GPU: 0, prod_ns: 2.0
Energy minimization...
NVT 100 ps...
NPT 100 ps...
Production 2.0 ns (1000000 steps)...
{
  "job_id": "rank070_GWHPBECS006410",
  "rank": "70",
  "protein_id": "GWHPBECS006410",
  "gpu_id": 0,
  "prod_ns": 2.0,
  "elapsed_min": 39.650829454263054,
  "status": "done",
  "platform": "OpenMM-CUDA",
  "production_ns": 2.0,
  "n_atoms": 63320,
  "trajectory": "/home/jnz/AIGT_esmc/Gromacs/neg_fix_v1_top200/rank070_GWHPBECS006410/outputs/prod.dcd",
  "final_pdb": "/home/jnz/AIGT_esmc/Gromacs/neg_fix_v1_top200/rank070_GWHPBECS006410/outputs/final.pdb",
  "log": "/home/jnz/AIGT_esmc/Gromacs/neg_fix_v1_top200/rank070_GWHPBECS006410/outputs/prod.log"
}
