
=== rank084_GWHPBECS039817 GPU 2 2026-06-19 20:07:10 ===
Atoms: 56396, GPU: 0, prod_ns: 2.0
Energy minimization...
NVT 100 ps...
NPT 100 ps...
Production 2.0 ns (1000000 steps)...
{
  "job_id": "rank084_GWHPBECS039817",
  "rank": "84",
  "protein_id": "GWHPBECS039817",
  "gpu_id": 0,
  "prod_ns": 2.0,
  "elapsed_min": 34.68047907749812,
  "status": "done",
  "platform": "OpenMM-CUDA",
  "production_ns": 2.0,
  "n_atoms": 56396,
  "trajectory": "/home/jnz/AIGT_esmc/Gromacs/neg_fix_v1_top200/rank084_GWHPBECS039817/outputs/prod.dcd",
  "final_pdb": "/home/jnz/AIGT_esmc/Gromacs/neg_fix_v1_top200/rank084_GWHPBECS039817/outputs/final.pdb",
  "log": "/home/jnz/AIGT_esmc/Gromacs/neg_fix_v1_top200/rank084_GWHPBECS039817/outputs/prod.log"
}
