
=== rank151_GWHPBECS026006 GPU 3 2026-06-20 12:07:06 ===
Atoms: 68573, GPU: 0, prod_ns: 2.0
Energy minimization...
NVT 100 ps...
NPT 100 ps...
Production 2.0 ns (1000000 steps)...
{
  "job_id": "rank151_GWHPBECS026006",
  "rank": "151",
  "protein_id": "GWHPBECS026006",
  "gpu_id": 0,
  "prod_ns": 2.0,
  "elapsed_min": 40.46919781764348,
  "status": "done",
  "platform": "OpenMM-CUDA",
  "production_ns": 2.0,
  "n_atoms": 68573,
  "trajectory": "/home/jnz/AIGT_esmc/Gromacs/neg_fix_v1_top200/rank151_GWHPBECS026006/outputs/prod.dcd",
  "final_pdb": "/home/jnz/AIGT_esmc/Gromacs/neg_fix_v1_top200/rank151_GWHPBECS026006/outputs/final.pdb",
  "log": "/home/jnz/AIGT_esmc/Gromacs/neg_fix_v1_top200/rank151_GWHPBECS026006/outputs/prod.log"
}
