
=== rank179_GWHPBECS008682 GPU 1 2026-06-20 18:45:25 ===
Atoms: 59306, GPU: 0, prod_ns: 2.0
Energy minimization...
NVT 100 ps...
NPT 100 ps...
Production 2.0 ns (1000000 steps)...
{
  "job_id": "rank179_GWHPBECS008682",
  "rank": "179",
  "protein_id": "GWHPBECS008682",
  "gpu_id": 0,
  "prod_ns": 2.0,
  "elapsed_min": 37.60327823956808,
  "status": "done",
  "platform": "OpenMM-CUDA",
  "production_ns": 2.0,
  "n_atoms": 59306,
  "trajectory": "/home/jnz/AIGT_esmc/Gromacs/neg_fix_v1_top200/rank179_GWHPBECS008682/outputs/prod.dcd",
  "final_pdb": "/home/jnz/AIGT_esmc/Gromacs/neg_fix_v1_top200/rank179_GWHPBECS008682/outputs/final.pdb",
  "log": "/home/jnz/AIGT_esmc/Gromacs/neg_fix_v1_top200/rank179_GWHPBECS008682/outputs/prod.log"
}
