
=== rank176_GWHPBECS010756 GPU 1 2026-06-20 18:03:06 ===
Atoms: 67428, GPU: 0, prod_ns: 2.0
Energy minimization...
NVT 100 ps...
NPT 100 ps...
Production 2.0 ns (1000000 steps)...
{
  "job_id": "rank176_GWHPBECS010756",
  "rank": "176",
  "protein_id": "GWHPBECS010756",
  "gpu_id": 0,
  "prod_ns": 2.0,
  "elapsed_min": 42.3130407889684,
  "status": "done",
  "platform": "OpenMM-CUDA",
  "production_ns": 2.0,
  "n_atoms": 67428,
  "trajectory": "/home/jnz/AIGT_esmc/Gromacs/neg_fix_v1_top200/rank176_GWHPBECS010756/outputs/prod.dcd",
  "final_pdb": "/home/jnz/AIGT_esmc/Gromacs/neg_fix_v1_top200/rank176_GWHPBECS010756/outputs/final.pdb",
  "log": "/home/jnz/AIGT_esmc/Gromacs/neg_fix_v1_top200/rank176_GWHPBECS010756/outputs/prod.log"
}
