
=== rank186_GWHPBECS002781 GPU 2 2026-06-20 20:28:55 ===
Atoms: 64816, GPU: 0, prod_ns: 2.0
Energy minimization...
NVT 100 ps...
NPT 100 ps...
Production 2.0 ns (1000000 steps)...
{
  "job_id": "rank186_GWHPBECS002781",
  "rank": "186",
  "protein_id": "GWHPBECS002781",
  "gpu_id": 0,
  "prod_ns": 2.0,
  "elapsed_min": 41.71414260069529,
  "status": "done",
  "platform": "OpenMM-CUDA",
  "production_ns": 2.0,
  "n_atoms": 64816,
  "trajectory": "/home/jnz/AIGT_esmc/Gromacs/neg_fix_v1_top200/rank186_GWHPBECS002781/outputs/prod.dcd",
  "final_pdb": "/home/jnz/AIGT_esmc/Gromacs/neg_fix_v1_top200/rank186_GWHPBECS002781/outputs/final.pdb",
  "log": "/home/jnz/AIGT_esmc/Gromacs/neg_fix_v1_top200/rank186_GWHPBECS002781/outputs/prod.log"
}
