
=== rank066_GWHPBECS010870 GPU 2 2026-06-19 16:02:09 ===
Atoms: 63822, GPU: 0, prod_ns: 2.0
Energy minimization...
NVT 100 ps...
NPT 100 ps...
Production 2.0 ns (1000000 steps)...
{
  "job_id": "rank066_GWHPBECS010870",
  "rank": "66",
  "protein_id": "GWHPBECS010870",
  "gpu_id": 0,
  "prod_ns": 2.0,
  "elapsed_min": 41.50582174460093,
  "status": "done",
  "platform": "OpenMM-CUDA",
  "production_ns": 2.0,
  "n_atoms": 63822,
  "trajectory": "/home/jnz/AIGT_esmc/Gromacs/neg_fix_v1_top200/rank066_GWHPBECS010870/outputs/prod.dcd",
  "final_pdb": "/home/jnz/AIGT_esmc/Gromacs/neg_fix_v1_top200/rank066_GWHPBECS010870/outputs/final.pdb",
  "log": "/home/jnz/AIGT_esmc/Gromacs/neg_fix_v1_top200/rank066_GWHPBECS010870/outputs/prod.log"
}
