
=== rank106_GWHPBECS025966 GPU 2 2026-06-20 01:37:17 ===
Atoms: 56923, GPU: 0, prod_ns: 2.0
Energy minimization...
NVT 100 ps...
NPT 100 ps...
Production 2.0 ns (1000000 steps)...
{
  "job_id": "rank106_GWHPBECS025966",
  "rank": "106",
  "protein_id": "GWHPBECS025966",
  "gpu_id": 0,
  "prod_ns": 2.0,
  "elapsed_min": 36.60371887286504,
  "status": "done",
  "platform": "OpenMM-CUDA",
  "production_ns": 2.0,
  "n_atoms": 56923,
  "trajectory": "/home/jnz/AIGT_esmc/Gromacs/neg_fix_v1_top200/rank106_GWHPBECS025966/outputs/prod.dcd",
  "final_pdb": "/home/jnz/AIGT_esmc/Gromacs/neg_fix_v1_top200/rank106_GWHPBECS025966/outputs/final.pdb",
  "log": "/home/jnz/AIGT_esmc/Gromacs/neg_fix_v1_top200/rank106_GWHPBECS025966/outputs/prod.log"
}
