
=== rank050_GWHPBECS026452 GPU 1 2026-06-19 12:04:43 ===
Atoms: 78060, GPU: 0, prod_ns: 2.0
Energy minimization...
NVT 100 ps...
NPT 100 ps...
Production 2.0 ns (1000000 steps)...
{
  "job_id": "rank050_GWHPBECS026452",
  "rank": "50",
  "protein_id": "GWHPBECS026452",
  "gpu_id": 0,
  "prod_ns": 2.0,
  "elapsed_min": 76.68397775888442,
  "status": "done",
  "platform": "OpenMM-CUDA",
  "production_ns": 2.0,
  "n_atoms": 78060,
  "trajectory": "/home/jnz/AIGT_esmc/Gromacs/neg_fix_v1_top200/rank050_GWHPBECS026452/outputs/prod.dcd",
  "final_pdb": "/home/jnz/AIGT_esmc/Gromacs/neg_fix_v1_top200/rank050_GWHPBECS026452/outputs/final.pdb",
  "log": "/home/jnz/AIGT_esmc/Gromacs/neg_fix_v1_top200/rank050_GWHPBECS026452/outputs/prod.log"
}
