
=== rank071_GWHPBECS039799 GPU 3 2026-06-19 17:18:34 ===
Atoms: 61789, GPU: 0, prod_ns: 2.0
Energy minimization...
NVT 100 ps...
NPT 100 ps...
Production 2.0 ns (1000000 steps)...
{
  "job_id": "rank071_GWHPBECS039799",
  "rank": "71",
  "protein_id": "GWHPBECS039799",
  "gpu_id": 0,
  "prod_ns": 2.0,
  "elapsed_min": 38.32168198823929,
  "status": "done",
  "platform": "OpenMM-CUDA",
  "production_ns": 2.0,
  "n_atoms": 61789,
  "trajectory": "/home/jnz/AIGT_esmc/Gromacs/neg_fix_v1_top200/rank071_GWHPBECS039799/outputs/prod.dcd",
  "final_pdb": "/home/jnz/AIGT_esmc/Gromacs/neg_fix_v1_top200/rank071_GWHPBECS039799/outputs/final.pdb",
  "log": "/home/jnz/AIGT_esmc/Gromacs/neg_fix_v1_top200/rank071_GWHPBECS039799/outputs/prod.log"
}
