
=== rank109_GWHPBECS026007 GPU 2 2026-06-20 02:13:54 ===
Atoms: 67906, GPU: 0, prod_ns: 2.0
Energy minimization...
NVT 100 ps...
NPT 100 ps...
Production 2.0 ns (1000000 steps)...
{
  "job_id": "rank109_GWHPBECS026007",
  "rank": "109",
  "protein_id": "GWHPBECS026007",
  "gpu_id": 0,
  "prod_ns": 2.0,
  "elapsed_min": 42.00245428482692,
  "status": "done",
  "platform": "OpenMM-CUDA",
  "production_ns": 2.0,
  "n_atoms": 67906,
  "trajectory": "/home/jnz/AIGT_esmc/Gromacs/neg_fix_v1_top200/rank109_GWHPBECS026007/outputs/prod.dcd",
  "final_pdb": "/home/jnz/AIGT_esmc/Gromacs/neg_fix_v1_top200/rank109_GWHPBECS026007/outputs/final.pdb",
  "log": "/home/jnz/AIGT_esmc/Gromacs/neg_fix_v1_top200/rank109_GWHPBECS026007/outputs/prod.log"
}
