
=== rank168_GWHPBECS016597 GPU 3 2026-06-20 16:10:57 ===
Atoms: 97875, GPU: 0, prod_ns: 2.0
Energy minimization...
NVT 100 ps...
NPT 100 ps...
Production 2.0 ns (1000000 steps)...
{
  "job_id": "rank168_GWHPBECS016597",
  "rank": "168",
  "protein_id": "GWHPBECS016597",
  "gpu_id": 0,
  "prod_ns": 2.0,
  "elapsed_min": 52.79495935837428,
  "status": "done",
  "platform": "OpenMM-CUDA",
  "production_ns": 2.0,
  "n_atoms": 97875,
  "trajectory": "/home/jnz/AIGT_esmc/Gromacs/neg_fix_v1_top200/rank168_GWHPBECS016597/outputs/prod.dcd",
  "final_pdb": "/home/jnz/AIGT_esmc/Gromacs/neg_fix_v1_top200/rank168_GWHPBECS016597/outputs/final.pdb",
  "log": "/home/jnz/AIGT_esmc/Gromacs/neg_fix_v1_top200/rank168_GWHPBECS016597/outputs/prod.log"
}
