
=== rank108_GWHPBECS014891 GPU 1 2026-06-20 01:55:21 ===
Atoms: 65925, GPU: 0, prod_ns: 2.0
Energy minimization...
NVT 100 ps...
NPT 100 ps...
Production 2.0 ns (1000000 steps)...
{
  "job_id": "rank108_GWHPBECS014891",
  "rank": "108",
  "protein_id": "GWHPBECS014891",
  "gpu_id": 0,
  "prod_ns": 2.0,
  "elapsed_min": 42.1601697007815,
  "status": "done",
  "platform": "OpenMM-CUDA",
  "production_ns": 2.0,
  "n_atoms": 65925,
  "trajectory": "/home/jnz/AIGT_esmc/Gromacs/neg_fix_v1_top200/rank108_GWHPBECS014891/outputs/prod.dcd",
  "final_pdb": "/home/jnz/AIGT_esmc/Gromacs/neg_fix_v1_top200/rank108_GWHPBECS014891/outputs/final.pdb",
  "log": "/home/jnz/AIGT_esmc/Gromacs/neg_fix_v1_top200/rank108_GWHPBECS014891/outputs/prod.log"
}
