
=== rank161_GWHPBECS013067 GPU 2 2026-06-20 14:14:50 ===
Atoms: 67866, GPU: 0, prod_ns: 2.0
Energy minimization...
NVT 100 ps...
NPT 100 ps...
Production 2.0 ns (1000000 steps)...
{
  "job_id": "rank161_GWHPBECS013067",
  "rank": "161",
  "protein_id": "GWHPBECS013067",
  "gpu_id": 0,
  "prod_ns": 2.0,
  "elapsed_min": 42.79896764755249,
  "status": "done",
  "platform": "OpenMM-CUDA",
  "production_ns": 2.0,
  "n_atoms": 67866,
  "trajectory": "/home/jnz/AIGT_esmc/Gromacs/neg_fix_v1_top200/rank161_GWHPBECS013067/outputs/prod.dcd",
  "final_pdb": "/home/jnz/AIGT_esmc/Gromacs/neg_fix_v1_top200/rank161_GWHPBECS013067/outputs/final.pdb",
  "log": "/home/jnz/AIGT_esmc/Gromacs/neg_fix_v1_top200/rank161_GWHPBECS013067/outputs/prod.log"
}
