
=== rank164_GWHPBECS013074 GPU 2 2026-06-20 14:57:39 ===
Atoms: 78900, GPU: 0, prod_ns: 2.0
Energy minimization...
NVT 100 ps...
NPT 100 ps...
Production 2.0 ns (1000000 steps)...
{
  "job_id": "rank164_GWHPBECS013074",
  "rank": "164",
  "protein_id": "GWHPBECS013074",
  "gpu_id": 0,
  "prod_ns": 2.0,
  "elapsed_min": 45.30439621210098,
  "status": "done",
  "platform": "OpenMM-CUDA",
  "production_ns": 2.0,
  "n_atoms": 78900,
  "trajectory": "/home/jnz/AIGT_esmc/Gromacs/neg_fix_v1_top200/rank164_GWHPBECS013074/outputs/prod.dcd",
  "final_pdb": "/home/jnz/AIGT_esmc/Gromacs/neg_fix_v1_top200/rank164_GWHPBECS013074/outputs/final.pdb",
  "log": "/home/jnz/AIGT_esmc/Gromacs/neg_fix_v1_top200/rank164_GWHPBECS013074/outputs/prod.log"
}
