
=== rank129_GWHPBECS024319 GPU 1 2026-06-20 07:09:03 ===
Atoms: 71802, GPU: 0, prod_ns: 2.0
Energy minimization...
NVT 100 ps...
NPT 100 ps...
Production 2.0 ns (1000000 steps)...
{
  "job_id": "rank129_GWHPBECS024319",
  "rank": "129",
  "protein_id": "GWHPBECS024319",
  "gpu_id": 0,
  "prod_ns": 2.0,
  "elapsed_min": 44.29226719935735,
  "status": "done",
  "platform": "OpenMM-CUDA",
  "production_ns": 2.0,
  "n_atoms": 71802,
  "trajectory": "/home/jnz/AIGT_esmc/Gromacs/neg_fix_v1_top200/rank129_GWHPBECS024319/outputs/prod.dcd",
  "final_pdb": "/home/jnz/AIGT_esmc/Gromacs/neg_fix_v1_top200/rank129_GWHPBECS024319/outputs/final.pdb",
  "log": "/home/jnz/AIGT_esmc/Gromacs/neg_fix_v1_top200/rank129_GWHPBECS024319/outputs/prod.log"
}
