
=== rank093_GWHPBECS005718 GPU 1 2026-06-19 22:24:02 ===
Atoms: 64443, GPU: 0, prod_ns: 2.0
Energy minimization...
NVT 100 ps...
NPT 100 ps...
Production 2.0 ns (1000000 steps)...
{
  "job_id": "rank093_GWHPBECS005718",
  "rank": "93",
  "protein_id": "GWHPBECS005718",
  "gpu_id": 0,
  "prod_ns": 2.0,
  "elapsed_min": 43.176821800072986,
  "status": "done",
  "platform": "OpenMM-CUDA",
  "production_ns": 2.0,
  "n_atoms": 64443,
  "trajectory": "/home/jnz/AIGT_esmc/Gromacs/neg_fix_v1_top200/rank093_GWHPBECS005718/outputs/prod.dcd",
  "final_pdb": "/home/jnz/AIGT_esmc/Gromacs/neg_fix_v1_top200/rank093_GWHPBECS005718/outputs/final.pdb",
  "log": "/home/jnz/AIGT_esmc/Gromacs/neg_fix_v1_top200/rank093_GWHPBECS005718/outputs/prod.log"
}
