
=== rank021_GWHPBECS039810 GPU 3 2026-06-19 05:05:26 ===
Atoms: 65935, GPU: 0, prod_ns: 2.0
Energy minimization...
NVT 100 ps...
NPT 100 ps...
Production 2.0 ns (1000000 steps)...
{
  "job_id": "rank021_GWHPBECS039810",
  "rank": "21",
  "protein_id": "GWHPBECS039810",
  "gpu_id": 0,
  "prod_ns": 2.0,
  "elapsed_min": 42.83047920862834,
  "status": "done",
  "platform": "OpenMM-CUDA",
  "production_ns": 2.0,
  "n_atoms": 65935,
  "trajectory": "/home/jnz/AIGT_esmc/Gromacs/neg_fix_v1_top200/rank021_GWHPBECS039810/outputs/prod.dcd",
  "final_pdb": "/home/jnz/AIGT_esmc/Gromacs/neg_fix_v1_top200/rank021_GWHPBECS039810/outputs/final.pdb",
  "log": "/home/jnz/AIGT_esmc/Gromacs/neg_fix_v1_top200/rank021_GWHPBECS039810/outputs/prod.log"
}
