
=== rank022_GWHPBECS041249 GPU 1 2026-06-19 05:28:56 ===
Atoms: 63356, GPU: 0, prod_ns: 2.0
Energy minimization...
NVT 100 ps...
NPT 100 ps...
Production 2.0 ns (1000000 steps)...
{
  "job_id": "rank022_GWHPBECS041249",
  "rank": "22",
  "protein_id": "GWHPBECS041249",
  "gpu_id": 0,
  "prod_ns": 2.0,
  "elapsed_min": 39.87320243914922,
  "status": "done",
  "platform": "OpenMM-CUDA",
  "production_ns": 2.0,
  "n_atoms": 63356,
  "trajectory": "/home/jnz/AIGT_esmc/Gromacs/neg_fix_v1_top200/rank022_GWHPBECS041249/outputs/prod.dcd",
  "final_pdb": "/home/jnz/AIGT_esmc/Gromacs/neg_fix_v1_top200/rank022_GWHPBECS041249/outputs/final.pdb",
  "log": "/home/jnz/AIGT_esmc/Gromacs/neg_fix_v1_top200/rank022_GWHPBECS041249/outputs/prod.log"
}
