
=== rank027_GWHPBECS005593 GPU 3 2026-06-19 06:32:02 ===
Atoms: 167971, GPU: 0, prod_ns: 2.0
Energy minimization...
NVT 100 ps...
NPT 100 ps...
Production 2.0 ns (1000000 steps)...
{
  "job_id": "rank027_GWHPBECS005593",
  "rank": "27",
  "protein_id": "GWHPBECS005593",
  "gpu_id": 0,
  "prod_ns": 2.0,
  "elapsed_min": 74.20634750525157,
  "status": "done",
  "platform": "OpenMM-CUDA",
  "production_ns": 2.0,
  "n_atoms": 167971,
  "trajectory": "/home/jnz/AIGT_esmc/Gromacs/neg_fix_v1_top200/rank027_GWHPBECS005593/outputs/prod.dcd",
  "final_pdb": "/home/jnz/AIGT_esmc/Gromacs/neg_fix_v1_top200/rank027_GWHPBECS005593/outputs/final.pdb",
  "log": "/home/jnz/AIGT_esmc/Gromacs/neg_fix_v1_top200/rank027_GWHPBECS005593/outputs/prod.log"
}
