
=== rank167_GWHPBECS005719 GPU 2 2026-06-20 15:42:58 ===
Atoms: 69584, GPU: 0, prod_ns: 2.0
Energy minimization...
NVT 100 ps...
NPT 100 ps...
Production 2.0 ns (1000000 steps)...
{
  "job_id": "rank167_GWHPBECS005719",
  "rank": "167",
  "protein_id": "GWHPBECS005719",
  "gpu_id": 0,
  "prod_ns": 2.0,
  "elapsed_min": 43.046268900235496,
  "status": "done",
  "platform": "OpenMM-CUDA",
  "production_ns": 2.0,
  "n_atoms": 69584,
  "trajectory": "/home/jnz/AIGT_esmc/Gromacs/neg_fix_v1_top200/rank167_GWHPBECS005719/outputs/prod.dcd",
  "final_pdb": "/home/jnz/AIGT_esmc/Gromacs/neg_fix_v1_top200/rank167_GWHPBECS005719/outputs/final.pdb",
  "log": "/home/jnz/AIGT_esmc/Gromacs/neg_fix_v1_top200/rank167_GWHPBECS005719/outputs/prod.log"
}
