
=== rank063_GWHPBECS010871 GPU 2 2026-06-19 15:22:14 ===
Atoms: 62240, GPU: 0, prod_ns: 2.0
Energy minimization...
NVT 100 ps...
NPT 100 ps...
Production 2.0 ns (1000000 steps)...
{
  "job_id": "rank063_GWHPBECS010871",
  "rank": "63",
  "protein_id": "GWHPBECS010871",
  "gpu_id": 0,
  "prod_ns": 2.0,
  "elapsed_min": 39.91808318694432,
  "status": "done",
  "platform": "OpenMM-CUDA",
  "production_ns": 2.0,
  "n_atoms": 62240,
  "trajectory": "/home/jnz/AIGT_esmc/Gromacs/neg_fix_v1_top200/rank063_GWHPBECS010871/outputs/prod.dcd",
  "final_pdb": "/home/jnz/AIGT_esmc/Gromacs/neg_fix_v1_top200/rank063_GWHPBECS010871/outputs/final.pdb",
  "log": "/home/jnz/AIGT_esmc/Gromacs/neg_fix_v1_top200/rank063_GWHPBECS010871/outputs/prod.log"
}
