
=== rank036_GWHPBECS011414 GPU 1 2026-06-19 08:57:19 ===
Atoms: 70984, GPU: 0, prod_ns: 2.0
Energy minimization...
NVT 100 ps...
NPT 100 ps...
Production 2.0 ns (1000000 steps)...
{
  "job_id": "rank036_GWHPBECS011414",
  "rank": "36",
  "protein_id": "GWHPBECS011414",
  "gpu_id": 0,
  "prod_ns": 2.0,
  "elapsed_min": 43.52375795841217,
  "status": "done",
  "platform": "OpenMM-CUDA",
  "production_ns": 2.0,
  "n_atoms": 70984,
  "trajectory": "/home/jnz/AIGT_esmc/Gromacs/neg_fix_v1_top200/rank036_GWHPBECS011414/outputs/prod.dcd",
  "final_pdb": "/home/jnz/AIGT_esmc/Gromacs/neg_fix_v1_top200/rank036_GWHPBECS011414/outputs/final.pdb",
  "log": "/home/jnz/AIGT_esmc/Gromacs/neg_fix_v1_top200/rank036_GWHPBECS011414/outputs/prod.log"
}
