
=== rank152_GWHPBECS013156 GPU 1 2026-06-20 12:13:46 ===
Atoms: 87291, GPU: 0, prod_ns: 2.0
Energy minimization...
NVT 100 ps...
NPT 100 ps...
Production 2.0 ns (1000000 steps)...
{
  "job_id": "rank152_GWHPBECS013156",
  "rank": "152",
  "protein_id": "GWHPBECS013156",
  "gpu_id": 0,
  "prod_ns": 2.0,
  "elapsed_min": 58.150152500470476,
  "status": "done",
  "platform": "OpenMM-CUDA",
  "production_ns": 2.0,
  "n_atoms": 87291,
  "trajectory": "/home/jnz/AIGT_esmc/Gromacs/neg_fix_v1_top200/rank152_GWHPBECS013156/outputs/prod.dcd",
  "final_pdb": "/home/jnz/AIGT_esmc/Gromacs/neg_fix_v1_top200/rank152_GWHPBECS013156/outputs/final.pdb",
  "log": "/home/jnz/AIGT_esmc/Gromacs/neg_fix_v1_top200/rank152_GWHPBECS013156/outputs/prod.log"
}
