
=== rank116_GWHPBECS006520 GPU 3 2026-06-20 03:57:52 ===
Atoms: 57187, GPU: 0, prod_ns: 2.0
Energy minimization...
NVT 100 ps...
NPT 100 ps...
Production 2.0 ns (1000000 steps)...
{
  "job_id": "rank116_GWHPBECS006520",
  "rank": "116",
  "protein_id": "GWHPBECS006520",
  "gpu_id": 0,
  "prod_ns": 2.0,
  "elapsed_min": 37.02270805040995,
  "status": "done",
  "platform": "OpenMM-CUDA",
  "production_ns": 2.0,
  "n_atoms": 57187,
  "trajectory": "/home/jnz/AIGT_esmc/Gromacs/neg_fix_v1_top200/rank116_GWHPBECS006520/outputs/prod.dcd",
  "final_pdb": "/home/jnz/AIGT_esmc/Gromacs/neg_fix_v1_top200/rank116_GWHPBECS006520/outputs/final.pdb",
  "log": "/home/jnz/AIGT_esmc/Gromacs/neg_fix_v1_top200/rank116_GWHPBECS006520/outputs/prod.log"
}
