
=== rank032_GWHPBECS041248 GPU 2 2026-06-19 07:48:22 ===
Atoms: 73600, GPU: 0, prod_ns: 2.0
Energy minimization...
NVT 100 ps...
NPT 100 ps...
Production 2.0 ns (1000000 steps)...
{
  "job_id": "rank032_GWHPBECS041248",
  "rank": "32",
  "protein_id": "GWHPBECS041248",
  "gpu_id": 0,
  "prod_ns": 2.0,
  "elapsed_min": 43.857707953453065,
  "status": "done",
  "platform": "OpenMM-CUDA",
  "production_ns": 2.0,
  "n_atoms": 73600,
  "trajectory": "/home/jnz/AIGT_esmc/Gromacs/neg_fix_v1_top200/rank032_GWHPBECS041248/outputs/prod.dcd",
  "final_pdb": "/home/jnz/AIGT_esmc/Gromacs/neg_fix_v1_top200/rank032_GWHPBECS041248/outputs/final.pdb",
  "log": "/home/jnz/AIGT_esmc/Gromacs/neg_fix_v1_top200/rank032_GWHPBECS041248/outputs/prod.log"
}
