
=== rank149_GWHPBECS013085 GPU 1 2026-06-20 11:31:03 ===
Atoms: 67450, GPU: 0, prod_ns: 2.0
Energy minimization...
NVT 100 ps...
NPT 100 ps...
Production 2.0 ns (1000000 steps)...
{
  "job_id": "rank149_GWHPBECS013085",
  "rank": "149",
  "protein_id": "GWHPBECS013085",
  "gpu_id": 0,
  "prod_ns": 2.0,
  "elapsed_min": 42.70930043458939,
  "status": "done",
  "platform": "OpenMM-CUDA",
  "production_ns": 2.0,
  "n_atoms": 67450,
  "trajectory": "/home/jnz/AIGT_esmc/Gromacs/neg_fix_v1_top200/rank149_GWHPBECS013085/outputs/prod.dcd",
  "final_pdb": "/home/jnz/AIGT_esmc/Gromacs/neg_fix_v1_top200/rank149_GWHPBECS013085/outputs/final.pdb",
  "log": "/home/jnz/AIGT_esmc/Gromacs/neg_fix_v1_top200/rank149_GWHPBECS013085/outputs/prod.log"
}
