
=== rank155_GWHPBECS019983 GPU 1 2026-06-20 13:11:56 ===
Atoms: 64948, GPU: 0, prod_ns: 2.0
Energy minimization...
NVT 100 ps...
NPT 100 ps...
Production 2.0 ns (1000000 steps)...
{
  "job_id": "rank155_GWHPBECS019983",
  "rank": "155",
  "protein_id": "GWHPBECS019983",
  "gpu_id": 0,
  "prod_ns": 2.0,
  "elapsed_min": 25.083462556203205,
  "status": "done",
  "platform": "OpenMM-CUDA",
  "production_ns": 2.0,
  "n_atoms": 64948,
  "trajectory": "/home/jnz/AIGT_esmc/Gromacs/neg_fix_v1_top200/rank155_GWHPBECS019983/outputs/prod.dcd",
  "final_pdb": "/home/jnz/AIGT_esmc/Gromacs/neg_fix_v1_top200/rank155_GWHPBECS019983/outputs/final.pdb",
  "log": "/home/jnz/AIGT_esmc/Gromacs/neg_fix_v1_top200/rank155_GWHPBECS019983/outputs/prod.log"
}
