
=== rank088_GWHPBECS023852 GPU 2 2026-06-19 21:17:38 ===
Atoms: 64840, GPU: 0, prod_ns: 2.0
Energy minimization...
NVT 100 ps...
NPT 100 ps...
Production 2.0 ns (1000000 steps)...
{
  "job_id": "rank088_GWHPBECS023852",
  "rank": "88",
  "protein_id": "GWHPBECS023852",
  "gpu_id": 0,
  "prod_ns": 2.0,
  "elapsed_min": 45.967657482624055,
  "status": "done",
  "platform": "OpenMM-CUDA",
  "production_ns": 2.0,
  "n_atoms": 64840,
  "trajectory": "/home/jnz/AIGT_esmc/Gromacs/neg_fix_v1_top200/rank088_GWHPBECS023852/outputs/prod.dcd",
  "final_pdb": "/home/jnz/AIGT_esmc/Gromacs/neg_fix_v1_top200/rank088_GWHPBECS023852/outputs/final.pdb",
  "log": "/home/jnz/AIGT_esmc/Gromacs/neg_fix_v1_top200/rank088_GWHPBECS023852/outputs/prod.log"
}
