
=== rank031_GWHPBECS019368 GPU 3 2026-06-19 07:46:15 ===
Atoms: 56396, GPU: 0, prod_ns: 2.0
Energy minimization...
NVT 100 ps...
NPT 100 ps...
Production 2.0 ns (1000000 steps)...
{
  "job_id": "rank031_GWHPBECS019368",
  "rank": "31",
  "protein_id": "GWHPBECS019368",
  "gpu_id": 0,
  "prod_ns": 2.0,
  "elapsed_min": 35.41463958819707,
  "status": "done",
  "platform": "OpenMM-CUDA",
  "production_ns": 2.0,
  "n_atoms": 56396,
  "trajectory": "/home/jnz/AIGT_esmc/Gromacs/neg_fix_v1_top200/rank031_GWHPBECS019368/outputs/prod.dcd",
  "final_pdb": "/home/jnz/AIGT_esmc/Gromacs/neg_fix_v1_top200/rank031_GWHPBECS019368/outputs/final.pdb",
  "log": "/home/jnz/AIGT_esmc/Gromacs/neg_fix_v1_top200/rank031_GWHPBECS019368/outputs/prod.log"
}
