
=== rank028_GWHPBECS041157 GPU 1 2026-06-19 06:47:13 ===
Atoms: 64170, GPU: 0, prod_ns: 2.0
Energy minimization...
NVT 100 ps...
NPT 100 ps...
Production 2.0 ns (1000000 steps)...
{
  "job_id": "rank028_GWHPBECS041157",
  "rank": "28",
  "protein_id": "GWHPBECS041157",
  "gpu_id": 0,
  "prod_ns": 2.0,
  "elapsed_min": 46.3472722530365,
  "status": "done",
  "platform": "OpenMM-CUDA",
  "production_ns": 2.0,
  "n_atoms": 64170,
  "trajectory": "/home/jnz/AIGT_esmc/Gromacs/neg_fix_v1_top200/rank028_GWHPBECS041157/outputs/prod.dcd",
  "final_pdb": "/home/jnz/AIGT_esmc/Gromacs/neg_fix_v1_top200/rank028_GWHPBECS041157/outputs/final.pdb",
  "log": "/home/jnz/AIGT_esmc/Gromacs/neg_fix_v1_top200/rank028_GWHPBECS041157/outputs/prod.log"
}
