
=== rank100_GWHPBECS025958 GPU 2 2026-06-20 00:17:53 ===
Atoms: 70125, GPU: 0, prod_ns: 2.0
Energy minimization...
NVT 100 ps...
NPT 100 ps...
Production 2.0 ns (1000000 steps)...
{
  "job_id": "rank100_GWHPBECS025958",
  "rank": "100",
  "protein_id": "GWHPBECS025958",
  "gpu_id": 0,
  "prod_ns": 2.0,
  "elapsed_min": 43.32024233341217,
  "status": "done",
  "platform": "OpenMM-CUDA",
  "production_ns": 2.0,
  "n_atoms": 70125,
  "trajectory": "/home/jnz/AIGT_esmc/Gromacs/neg_fix_v1_top200/rank100_GWHPBECS025958/outputs/prod.dcd",
  "final_pdb": "/home/jnz/AIGT_esmc/Gromacs/neg_fix_v1_top200/rank100_GWHPBECS025958/outputs/final.pdb",
  "log": "/home/jnz/AIGT_esmc/Gromacs/neg_fix_v1_top200/rank100_GWHPBECS025958/outputs/prod.log"
}
