
=== rank125_GWHPBECS034731 GPU 3 2026-06-20 05:58:50 ===
Atoms: 62492, GPU: 0, prod_ns: 2.0
Energy minimization...
NVT 100 ps...
NPT 100 ps...
Production 2.0 ns (1000000 steps)...
{
  "job_id": "rank125_GWHPBECS034731",
  "rank": "125",
  "protein_id": "GWHPBECS034731",
  "gpu_id": 0,
  "prod_ns": 2.0,
  "elapsed_min": 42.054676580429074,
  "status": "done",
  "platform": "OpenMM-CUDA",
  "production_ns": 2.0,
  "n_atoms": 62492,
  "trajectory": "/home/jnz/AIGT_esmc/Gromacs/neg_fix_v1_top200/rank125_GWHPBECS034731/outputs/prod.dcd",
  "final_pdb": "/home/jnz/AIGT_esmc/Gromacs/neg_fix_v1_top200/rank125_GWHPBECS034731/outputs/final.pdb",
  "log": "/home/jnz/AIGT_esmc/Gromacs/neg_fix_v1_top200/rank125_GWHPBECS034731/outputs/prod.log"
}
