
=== rank061_GWHPBECS039311 GPU 1 2026-06-19 14:50:39 ===
Atoms: 67761, GPU: 0, prod_ns: 2.0
Energy minimization...
NVT 100 ps...
NPT 100 ps...
Production 2.0 ns (1000000 steps)...
{
  "job_id": "rank061_GWHPBECS039311",
  "rank": "61",
  "protein_id": "GWHPBECS039311",
  "gpu_id": 0,
  "prod_ns": 2.0,
  "elapsed_min": 42.62179982264836,
  "status": "done",
  "platform": "OpenMM-CUDA",
  "production_ns": 2.0,
  "n_atoms": 67761,
  "trajectory": "/home/jnz/AIGT_esmc/Gromacs/neg_fix_v1_top200/rank061_GWHPBECS039311/outputs/prod.dcd",
  "final_pdb": "/home/jnz/AIGT_esmc/Gromacs/neg_fix_v1_top200/rank061_GWHPBECS039311/outputs/final.pdb",
  "log": "/home/jnz/AIGT_esmc/Gromacs/neg_fix_v1_top200/rank061_GWHPBECS039311/outputs/prod.log"
}
