
=== rank141_GWHPBECS041598 GPU 2 2026-06-20 09:54:12 ===
Atoms: 64933, GPU: 0, prod_ns: 2.0
Energy minimization...
NVT 100 ps...
NPT 100 ps...
Production 2.0 ns (1000000 steps)...
{
  "job_id": "rank141_GWHPBECS041598",
  "rank": "141",
  "protein_id": "GWHPBECS041598",
  "gpu_id": 0,
  "prod_ns": 2.0,
  "elapsed_min": 41.643410968780515,
  "status": "done",
  "platform": "OpenMM-CUDA",
  "production_ns": 2.0,
  "n_atoms": 64933,
  "trajectory": "/home/jnz/AIGT_esmc/Gromacs/neg_fix_v1_top200/rank141_GWHPBECS041598/outputs/prod.dcd",
  "final_pdb": "/home/jnz/AIGT_esmc/Gromacs/neg_fix_v1_top200/rank141_GWHPBECS041598/outputs/final.pdb",
  "log": "/home/jnz/AIGT_esmc/Gromacs/neg_fix_v1_top200/rank141_GWHPBECS041598/outputs/prod.log"
}
