
=== rank147_GWHPBECS013084 GPU 2 2026-06-20 11:19:46 ===
Atoms: 61575, GPU: 0, prod_ns: 2.0
Energy minimization...
NVT 100 ps...
NPT 100 ps...
Production 2.0 ns (1000000 steps)...
{
  "job_id": "rank147_GWHPBECS013084",
  "rank": "147",
  "protein_id": "GWHPBECS013084",
  "gpu_id": 0,
  "prod_ns": 2.0,
  "elapsed_min": 38.053724618752796,
  "status": "done",
  "platform": "OpenMM-CUDA",
  "production_ns": 2.0,
  "n_atoms": 61575,
  "trajectory": "/home/jnz/AIGT_esmc/Gromacs/neg_fix_v1_top200/rank147_GWHPBECS013084/outputs/prod.dcd",
  "final_pdb": "/home/jnz/AIGT_esmc/Gromacs/neg_fix_v1_top200/rank147_GWHPBECS013084/outputs/final.pdb",
  "log": "/home/jnz/AIGT_esmc/Gromacs/neg_fix_v1_top200/rank147_GWHPBECS013084/outputs/prod.log"
}
