
=== rank025_GWHPBECS039805 GPU 1 2026-06-19 06:08:49 ===
Atoms: 61869, GPU: 0, prod_ns: 2.0
Energy minimization...
NVT 100 ps...
NPT 100 ps...
Production 2.0 ns (1000000 steps)...
{
  "job_id": "rank025_GWHPBECS039805",
  "rank": "25",
  "protein_id": "GWHPBECS039805",
  "gpu_id": 0,
  "prod_ns": 2.0,
  "elapsed_min": 38.39838192065557,
  "status": "done",
  "platform": "OpenMM-CUDA",
  "production_ns": 2.0,
  "n_atoms": 61869,
  "trajectory": "/home/jnz/AIGT_esmc/Gromacs/neg_fix_v1_top200/rank025_GWHPBECS039805/outputs/prod.dcd",
  "final_pdb": "/home/jnz/AIGT_esmc/Gromacs/neg_fix_v1_top200/rank025_GWHPBECS039805/outputs/final.pdb",
  "log": "/home/jnz/AIGT_esmc/Gromacs/neg_fix_v1_top200/rank025_GWHPBECS039805/outputs/prod.log"
}
