
=== rank198_GWHPBECS019953 GPU 1 2026-06-20 23:19:15 ===
Atoms: 70757, GPU: 0, prod_ns: 2.0
Energy minimization...
NVT 100 ps...
NPT 100 ps...
Production 2.0 ns (1000000 steps)...
{
  "job_id": "rank198_GWHPBECS019953",
  "rank": "198",
  "protein_id": "GWHPBECS019953",
  "gpu_id": 0,
  "prod_ns": 2.0,
  "elapsed_min": 42.479449252287544,
  "status": "done",
  "platform": "OpenMM-CUDA",
  "production_ns": 2.0,
  "n_atoms": 70757,
  "trajectory": "/home/jnz/AIGT_esmc/Gromacs/neg_fix_v1_top200/rank198_GWHPBECS019953/outputs/prod.dcd",
  "final_pdb": "/home/jnz/AIGT_esmc/Gromacs/neg_fix_v1_top200/rank198_GWHPBECS019953/outputs/final.pdb",
  "log": "/home/jnz/AIGT_esmc/Gromacs/neg_fix_v1_top200/rank198_GWHPBECS019953/outputs/prod.log"
}
