
=== rank114_GWHPBECS026009 GPU 1 2026-06-20 03:18:05 ===
Atoms: 76337, GPU: 0, prod_ns: 2.0
Energy minimization...
NVT 100 ps...
NPT 100 ps...
Production 2.0 ns (1000000 steps)...
{
  "job_id": "rank114_GWHPBECS026009",
  "rank": "114",
  "protein_id": "GWHPBECS026009",
  "gpu_id": 0,
  "prod_ns": 2.0,
  "elapsed_min": 47.92794298330943,
  "status": "done",
  "platform": "OpenMM-CUDA",
  "production_ns": 2.0,
  "n_atoms": 76337,
  "trajectory": "/home/jnz/AIGT_esmc/Gromacs/neg_fix_v1_top200/rank114_GWHPBECS026009/outputs/prod.dcd",
  "final_pdb": "/home/jnz/AIGT_esmc/Gromacs/neg_fix_v1_top200/rank114_GWHPBECS026009/outputs/final.pdb",
  "log": "/home/jnz/AIGT_esmc/Gromacs/neg_fix_v1_top200/rank114_GWHPBECS026009/outputs/prod.log"
}
