
=== rank078_GWHPBECS039811 GPU 2 2026-06-19 18:47:49 ===
Atoms: 66165, GPU: 0, prod_ns: 2.0
Energy minimization...
NVT 100 ps...
NPT 100 ps...
Production 2.0 ns (1000000 steps)...
{
  "job_id": "rank078_GWHPBECS039811",
  "rank": "78",
  "protein_id": "GWHPBECS039811",
  "gpu_id": 0,
  "prod_ns": 2.0,
  "elapsed_min": 41.595639781157175,
  "status": "done",
  "platform": "OpenMM-CUDA",
  "production_ns": 2.0,
  "n_atoms": 66165,
  "trajectory": "/home/jnz/AIGT_esmc/Gromacs/neg_fix_v1_top200/rank078_GWHPBECS039811/outputs/prod.dcd",
  "final_pdb": "/home/jnz/AIGT_esmc/Gromacs/neg_fix_v1_top200/rank078_GWHPBECS039811/outputs/final.pdb",
  "log": "/home/jnz/AIGT_esmc/Gromacs/neg_fix_v1_top200/rank078_GWHPBECS039811/outputs/prod.log"
}
