
=== rank111_GWHPBECS007006 GPU 1 2026-06-20 02:37:31 ===
Atoms: 63585, GPU: 0, prod_ns: 2.0
Energy minimization...
NVT 100 ps...
NPT 100 ps...
Production 2.0 ns (1000000 steps)...
{
  "job_id": "rank111_GWHPBECS007006",
  "rank": "111",
  "protein_id": "GWHPBECS007006",
  "gpu_id": 0,
  "prod_ns": 2.0,
  "elapsed_min": 40.55452671845754,
  "status": "done",
  "platform": "OpenMM-CUDA",
  "production_ns": 2.0,
  "n_atoms": 63585,
  "trajectory": "/home/jnz/AIGT_esmc/Gromacs/neg_fix_v1_top200/rank111_GWHPBECS007006/outputs/prod.dcd",
  "final_pdb": "/home/jnz/AIGT_esmc/Gromacs/neg_fix_v1_top200/rank111_GWHPBECS007006/outputs/final.pdb",
  "log": "/home/jnz/AIGT_esmc/Gromacs/neg_fix_v1_top200/rank111_GWHPBECS007006/outputs/prod.log"
}
