
=== rank041_GWHPBECS041245 GPU 3 2026-06-19 09:48:32 ===
Atoms: 56782, GPU: 0, prod_ns: 2.0
Energy minimization...
NVT 100 ps...
NPT 100 ps...
Production 2.0 ns (1000000 steps)...
{
  "job_id": "rank041_GWHPBECS041245",
  "rank": "41",
  "protein_id": "GWHPBECS041245",
  "gpu_id": 0,
  "prod_ns": 2.0,
  "elapsed_min": 39.57639135917028,
  "status": "done",
  "platform": "OpenMM-CUDA",
  "production_ns": 2.0,
  "n_atoms": 56782,
  "trajectory": "/home/jnz/AIGT_esmc/Gromacs/neg_fix_v1_top200/rank041_GWHPBECS041245/outputs/prod.dcd",
  "final_pdb": "/home/jnz/AIGT_esmc/Gromacs/neg_fix_v1_top200/rank041_GWHPBECS041245/outputs/final.pdb",
  "log": "/home/jnz/AIGT_esmc/Gromacs/neg_fix_v1_top200/rank041_GWHPBECS041245/outputs/prod.log"
}
