
=== rank115_GWHPBECS012284 GPU 2 2026-06-20 03:53:09 ===
Atoms: 61844, GPU: 0, prod_ns: 2.0
Energy minimization...
NVT 100 ps...
NPT 100 ps...
Production 2.0 ns (1000000 steps)...
{
  "job_id": "rank115_GWHPBECS012284",
  "rank": "115",
  "protein_id": "GWHPBECS012284",
  "gpu_id": 0,
  "prod_ns": 2.0,
  "elapsed_min": 40.633996748924254,
  "status": "done",
  "platform": "OpenMM-CUDA",
  "production_ns": 2.0,
  "n_atoms": 61844,
  "trajectory": "/home/jnz/AIGT_esmc/Gromacs/neg_fix_v1_top200/rank115_GWHPBECS012284/outputs/prod.dcd",
  "final_pdb": "/home/jnz/AIGT_esmc/Gromacs/neg_fix_v1_top200/rank115_GWHPBECS012284/outputs/final.pdb",
  "log": "/home/jnz/AIGT_esmc/Gromacs/neg_fix_v1_top200/rank115_GWHPBECS012284/outputs/prod.log"
}
