
=== rank165_GWHPBECS013087 GPU 3 2026-06-20 15:25:49 ===
Atoms: 79241, GPU: 0, prod_ns: 2.0
Energy minimization...
NVT 100 ps...
NPT 100 ps...
Production 2.0 ns (1000000 steps)...
{
  "job_id": "rank165_GWHPBECS013087",
  "rank": "165",
  "protein_id": "GWHPBECS013087",
  "gpu_id": 0,
  "prod_ns": 2.0,
  "elapsed_min": 45.11871029138565,
  "status": "done",
  "platform": "OpenMM-CUDA",
  "production_ns": 2.0,
  "n_atoms": 79241,
  "trajectory": "/home/jnz/AIGT_esmc/Gromacs/neg_fix_v1_top200/rank165_GWHPBECS013087/outputs/prod.dcd",
  "final_pdb": "/home/jnz/AIGT_esmc/Gromacs/neg_fix_v1_top200/rank165_GWHPBECS013087/outputs/final.pdb",
  "log": "/home/jnz/AIGT_esmc/Gromacs/neg_fix_v1_top200/rank165_GWHPBECS013087/outputs/prod.log"
}
