
=== rank094_GWHPBECS025961 GPU 2 2026-06-19 22:47:10 ===
Atoms: 57089, GPU: 0, prod_ns: 2.0
Energy minimization...
NVT 100 ps...
NPT 100 ps...
Production 2.0 ns (1000000 steps)...
{
  "job_id": "rank094_GWHPBECS025961",
  "rank": "94",
  "protein_id": "GWHPBECS025961",
  "gpu_id": 0,
  "prod_ns": 2.0,
  "elapsed_min": 35.13007550239563,
  "status": "done",
  "platform": "OpenMM-CUDA",
  "production_ns": 2.0,
  "n_atoms": 57089,
  "trajectory": "/home/jnz/AIGT_esmc/Gromacs/neg_fix_v1_top200/rank094_GWHPBECS025961/outputs/prod.dcd",
  "final_pdb": "/home/jnz/AIGT_esmc/Gromacs/neg_fix_v1_top200/rank094_GWHPBECS025961/outputs/final.pdb",
  "log": "/home/jnz/AIGT_esmc/Gromacs/neg_fix_v1_top200/rank094_GWHPBECS025961/outputs/prod.log"
}
