
=== rank118_GWHPBECS026005 GPU 2 2026-06-20 04:33:48 ===
Atoms: 68552, GPU: 0, prod_ns: 2.0
Energy minimization...
NVT 100 ps...
NPT 100 ps...
Production 2.0 ns (1000000 steps)...
{
  "job_id": "rank118_GWHPBECS026005",
  "rank": "118",
  "protein_id": "GWHPBECS026005",
  "gpu_id": 0,
  "prod_ns": 2.0,
  "elapsed_min": 44.071009838581084,
  "status": "done",
  "platform": "OpenMM-CUDA",
  "production_ns": 2.0,
  "n_atoms": 68552,
  "trajectory": "/home/jnz/AIGT_esmc/Gromacs/neg_fix_v1_top200/rank118_GWHPBECS026005/outputs/prod.dcd",
  "final_pdb": "/home/jnz/AIGT_esmc/Gromacs/neg_fix_v1_top200/rank118_GWHPBECS026005/outputs/final.pdb",
  "log": "/home/jnz/AIGT_esmc/Gromacs/neg_fix_v1_top200/rank118_GWHPBECS026005/outputs/prod.log"
}
