
=== rank074_GWHPBECS039786 GPU 3 2026-06-19 17:56:54 ===
Atoms: 61672, GPU: 0, prod_ns: 2.0
Energy minimization...
NVT 100 ps...
NPT 100 ps...
Production 2.0 ns (1000000 steps)...
{
  "job_id": "rank074_GWHPBECS039786",
  "rank": "74",
  "protein_id": "GWHPBECS039786",
  "gpu_id": 0,
  "prod_ns": 2.0,
  "elapsed_min": 37.13786515394847,
  "status": "done",
  "platform": "OpenMM-CUDA",
  "production_ns": 2.0,
  "n_atoms": 61672,
  "trajectory": "/home/jnz/AIGT_esmc/Gromacs/neg_fix_v1_top200/rank074_GWHPBECS039786/outputs/prod.dcd",
  "final_pdb": "/home/jnz/AIGT_esmc/Gromacs/neg_fix_v1_top200/rank074_GWHPBECS039786/outputs/final.pdb",
  "log": "/home/jnz/AIGT_esmc/Gromacs/neg_fix_v1_top200/rank074_GWHPBECS039786/outputs/prod.log"
}
