
=== rank009_GWHPBECS041263 GPU 3 2026-06-19 02:35:16 ===
Atoms: 59713, GPU: 0, prod_ns: 2.0
Energy minimization...
NVT 100 ps...
NPT 100 ps...
Production 2.0 ns (1000000 steps)...
{
  "job_id": "rank009_GWHPBECS041263",
  "rank": "9",
  "protein_id": "GWHPBECS041263",
  "gpu_id": 0,
  "prod_ns": 2.0,
  "elapsed_min": 21.483441726366678,
  "status": "done",
  "platform": "OpenMM-CUDA",
  "production_ns": 2.0,
  "n_atoms": 59713,
  "trajectory": "/home/jnz/AIGT_esmc/Gromacs/neg_fix_v1_top200/rank009_GWHPBECS041263/outputs/prod.dcd",
  "final_pdb": "/home/jnz/AIGT_esmc/Gromacs/neg_fix_v1_top200/rank009_GWHPBECS041263/outputs/final.pdb",
  "log": "/home/jnz/AIGT_esmc/Gromacs/neg_fix_v1_top200/rank009_GWHPBECS041263/outputs/prod.log"
}
