
=== rank154_GWHPBECS012121 GPU 3 2026-06-20 12:47:35 ===
Atoms: 57723, GPU: 0, prod_ns: 2.0
Energy minimization...
NVT 100 ps...
NPT 100 ps...
Production 2.0 ns (1000000 steps)...
{
  "job_id": "rank154_GWHPBECS012121",
  "rank": "154",
  "protein_id": "GWHPBECS012121",
  "gpu_id": 0,
  "prod_ns": 2.0,
  "elapsed_min": 33.996537566185,
  "status": "done",
  "platform": "OpenMM-CUDA",
  "production_ns": 2.0,
  "n_atoms": 57723,
  "trajectory": "/home/jnz/AIGT_esmc/Gromacs/neg_fix_v1_top200/rank154_GWHPBECS012121/outputs/prod.dcd",
  "final_pdb": "/home/jnz/AIGT_esmc/Gromacs/neg_fix_v1_top200/rank154_GWHPBECS012121/outputs/final.pdb",
  "log": "/home/jnz/AIGT_esmc/Gromacs/neg_fix_v1_top200/rank154_GWHPBECS012121/outputs/prod.log"
}
