
=== rank120_GWHPBECS010761 GPU 1 2026-06-20 04:41:13 ===
Atoms: 63820, GPU: 0, prod_ns: 2.0
Energy minimization...
NVT 100 ps...
NPT 100 ps...
Production 2.0 ns (1000000 steps)...
{
  "job_id": "rank120_GWHPBECS010761",
  "rank": "120",
  "protein_id": "GWHPBECS010761",
  "gpu_id": 0,
  "prod_ns": 2.0,
  "elapsed_min": 39.86242780685425,
  "status": "done",
  "platform": "OpenMM-CUDA",
  "production_ns": 2.0,
  "n_atoms": 63820,
  "trajectory": "/home/jnz/AIGT_esmc/Gromacs/neg_fix_v1_top200/rank120_GWHPBECS010761/outputs/prod.dcd",
  "final_pdb": "/home/jnz/AIGT_esmc/Gromacs/neg_fix_v1_top200/rank120_GWHPBECS010761/outputs/final.pdb",
  "log": "/home/jnz/AIGT_esmc/Gromacs/neg_fix_v1_top200/rank120_GWHPBECS010761/outputs/prod.log"
}
