
=== rank169_GWHPBECS039806 GPU 1 2026-06-20 16:16:25 ===
Atoms: 93121, GPU: 0, prod_ns: 2.0
Energy minimization...
NVT 100 ps...
NPT 100 ps...
Production 2.0 ns (1000000 steps)...
{
  "job_id": "rank169_GWHPBECS039806",
  "rank": "169",
  "protein_id": "GWHPBECS039806",
  "gpu_id": 0,
  "prod_ns": 2.0,
  "elapsed_min": 59.78658798933029,
  "status": "done",
  "platform": "OpenMM-CUDA",
  "production_ns": 2.0,
  "n_atoms": 93121,
  "trajectory": "/home/jnz/AIGT_esmc/Gromacs/neg_fix_v1_top200/rank169_GWHPBECS039806/outputs/prod.dcd",
  "final_pdb": "/home/jnz/AIGT_esmc/Gromacs/neg_fix_v1_top200/rank169_GWHPBECS039806/outputs/final.pdb",
  "log": "/home/jnz/AIGT_esmc/Gromacs/neg_fix_v1_top200/rank169_GWHPBECS039806/outputs/prod.log"
}
