
=== rank119_GWHPBECS026453 GPU 3 2026-06-20 04:34:53 ===
Atoms: 81745, GPU: 0, prod_ns: 2.0
Energy minimization...
NVT 100 ps...
NPT 100 ps...
Production 2.0 ns (1000000 steps)...
{
  "job_id": "rank119_GWHPBECS026453",
  "rank": "119",
  "protein_id": "GWHPBECS026453",
  "gpu_id": 0,
  "prod_ns": 2.0,
  "elapsed_min": 45.85238179365794,
  "status": "done",
  "platform": "OpenMM-CUDA",
  "production_ns": 2.0,
  "n_atoms": 81745,
  "trajectory": "/home/jnz/AIGT_esmc/Gromacs/neg_fix_v1_top200/rank119_GWHPBECS026453/outputs/prod.dcd",
  "final_pdb": "/home/jnz/AIGT_esmc/Gromacs/neg_fix_v1_top200/rank119_GWHPBECS026453/outputs/final.pdb",
  "log": "/home/jnz/AIGT_esmc/Gromacs/neg_fix_v1_top200/rank119_GWHPBECS026453/outputs/prod.log"
}
