
=== rank172_GWHPBECS012288 GPU 3 2026-06-20 17:03:45 ===
Atoms: 54045, GPU: 0, prod_ns: 2.0
Energy minimization...
NVT 100 ps...
NPT 100 ps...
Production 2.0 ns (1000000 steps)...
{
  "job_id": "rank172_GWHPBECS012288",
  "rank": "172",
  "protein_id": "GWHPBECS012288",
  "gpu_id": 0,
  "prod_ns": 2.0,
  "elapsed_min": 34.54960178931554,
  "status": "done",
  "platform": "OpenMM-CUDA",
  "production_ns": 2.0,
  "n_atoms": 54045,
  "trajectory": "/home/jnz/AIGT_esmc/Gromacs/neg_fix_v1_top200/rank172_GWHPBECS012288/outputs/prod.dcd",
  "final_pdb": "/home/jnz/AIGT_esmc/Gromacs/neg_fix_v1_top200/rank172_GWHPBECS012288/outputs/final.pdb",
  "log": "/home/jnz/AIGT_esmc/Gromacs/neg_fix_v1_top200/rank172_GWHPBECS012288/outputs/prod.log"
}
