
=== rank039_GWHPBECS041253 GPU 1 2026-06-19 09:40:51 ===
Atoms: 69590, GPU: 0, prod_ns: 2.0
Energy minimization...
NVT 100 ps...
NPT 100 ps...
Production 2.0 ns (1000000 steps)...
{
  "job_id": "rank039_GWHPBECS041253",
  "rank": "39",
  "protein_id": "GWHPBECS041253",
  "gpu_id": 0,
  "prod_ns": 2.0,
  "elapsed_min": 22.283921686808267,
  "status": "done",
  "platform": "OpenMM-CUDA",
  "production_ns": 2.0,
  "n_atoms": 69590,
  "trajectory": "/home/jnz/AIGT_esmc/Gromacs/neg_fix_v1_top200/rank039_GWHPBECS041253/outputs/prod.dcd",
  "final_pdb": "/home/jnz/AIGT_esmc/Gromacs/neg_fix_v1_top200/rank039_GWHPBECS041253/outputs/final.pdb",
  "log": "/home/jnz/AIGT_esmc/Gromacs/neg_fix_v1_top200/rank039_GWHPBECS041253/outputs/prod.log"
}
