
=== rank181_GWHPBECS019994 GPU 2 2026-06-20 19:03:24 ===
Atoms: 79598, GPU: 0, prod_ns: 2.0
Energy minimization...
NVT 100 ps...
NPT 100 ps...
Production 2.0 ns (1000000 steps)...
{
  "job_id": "rank181_GWHPBECS019994",
  "rank": "181",
  "protein_id": "GWHPBECS019994",
  "gpu_id": 0,
  "prod_ns": 2.0,
  "elapsed_min": 47.58320674498876,
  "status": "done",
  "platform": "OpenMM-CUDA",
  "production_ns": 2.0,
  "n_atoms": 79598,
  "trajectory": "/home/jnz/AIGT_esmc/Gromacs/neg_fix_v1_top200/rank181_GWHPBECS019994/outputs/prod.dcd",
  "final_pdb": "/home/jnz/AIGT_esmc/Gromacs/neg_fix_v1_top200/rank181_GWHPBECS019994/outputs/final.pdb",
  "log": "/home/jnz/AIGT_esmc/Gromacs/neg_fix_v1_top200/rank181_GWHPBECS019994/outputs/prod.log"
}
