
=== rank105_GWHPBECS013089 GPU 1 2026-06-20 01:10:26 ===
Atoms: 73239, GPU: 0, prod_ns: 2.0
Energy minimization...
NVT 100 ps...
NPT 100 ps...
Production 2.0 ns (1000000 steps)...
{
  "job_id": "rank105_GWHPBECS013089",
  "rank": "105",
  "protein_id": "GWHPBECS013089",
  "gpu_id": 0,
  "prod_ns": 2.0,
  "elapsed_min": 44.90378050406774,
  "status": "done",
  "platform": "OpenMM-CUDA",
  "production_ns": 2.0,
  "n_atoms": 73239,
  "trajectory": "/home/jnz/AIGT_esmc/Gromacs/neg_fix_v1_top200/rank105_GWHPBECS013089/outputs/prod.dcd",
  "final_pdb": "/home/jnz/AIGT_esmc/Gromacs/neg_fix_v1_top200/rank105_GWHPBECS013089/outputs/final.pdb",
  "log": "/home/jnz/AIGT_esmc/Gromacs/neg_fix_v1_top200/rank105_GWHPBECS013089/outputs/prod.log"
}
