
=== rank015_GWHPBECS041203 GPU 3 2026-06-19 03:37:52 ===
Atoms: 57515, GPU: 0, prod_ns: 2.0
Energy minimization...
NVT 100 ps...
NPT 100 ps...
Production 2.0 ns (1000000 steps)...
{
  "job_id": "rank015_GWHPBECS041203",
  "rank": "15",
  "protein_id": "GWHPBECS041203",
  "gpu_id": 0,
  "prod_ns": 2.0,
  "elapsed_min": 36.01272746324539,
  "status": "done",
  "platform": "OpenMM-CUDA",
  "production_ns": 2.0,
  "n_atoms": 57515,
  "trajectory": "/home/jnz/AIGT_esmc/Gromacs/neg_fix_v1_top200/rank015_GWHPBECS041203/outputs/prod.dcd",
  "final_pdb": "/home/jnz/AIGT_esmc/Gromacs/neg_fix_v1_top200/rank015_GWHPBECS041203/outputs/final.pdb",
  "log": "/home/jnz/AIGT_esmc/Gromacs/neg_fix_v1_top200/rank015_GWHPBECS041203/outputs/prod.log"
}
