
=== rank062_GWHPBECS023914 GPU 3 2026-06-19 15:16:41 ===
Atoms: 63370, GPU: 0, prod_ns: 2.0
Energy minimization...
NVT 100 ps...
NPT 100 ps...
Production 2.0 ns (1000000 steps)...
{
  "job_id": "rank062_GWHPBECS023914",
  "rank": "62",
  "protein_id": "GWHPBECS023914",
  "gpu_id": 0,
  "prod_ns": 2.0,
  "elapsed_min": 37.67120051383972,
  "status": "done",
  "platform": "OpenMM-CUDA",
  "production_ns": 2.0,
  "n_atoms": 63370,
  "trajectory": "/home/jnz/AIGT_esmc/Gromacs/neg_fix_v1_top200/rank062_GWHPBECS023914/outputs/prod.dcd",
  "final_pdb": "/home/jnz/AIGT_esmc/Gromacs/neg_fix_v1_top200/rank062_GWHPBECS023914/outputs/final.pdb",
  "log": "/home/jnz/AIGT_esmc/Gromacs/neg_fix_v1_top200/rank062_GWHPBECS023914/outputs/prod.log"
}
