
=== rank052_GWHPBECS023839 GPU 2 2026-06-19 12:41:11 ===
Atoms: 61083, GPU: 0, prod_ns: 2.0
Energy minimization...
NVT 100 ps...
NPT 100 ps...
Production 2.0 ns (1000000 steps)...
{
  "job_id": "rank052_GWHPBECS023839",
  "rank": "52",
  "protein_id": "GWHPBECS023839",
  "gpu_id": 0,
  "prod_ns": 2.0,
  "elapsed_min": 38.267438956101735,
  "status": "done",
  "platform": "OpenMM-CUDA",
  "production_ns": 2.0,
  "n_atoms": 61083,
  "trajectory": "/home/jnz/AIGT_esmc/Gromacs/neg_fix_v1_top200/rank052_GWHPBECS023839/outputs/prod.dcd",
  "final_pdb": "/home/jnz/AIGT_esmc/Gromacs/neg_fix_v1_top200/rank052_GWHPBECS023839/outputs/final.pdb",
  "log": "/home/jnz/AIGT_esmc/Gromacs/neg_fix_v1_top200/rank052_GWHPBECS023839/outputs/prod.log"
}
