
=== rank065_GWHPBECS011179 GPU 3 2026-06-19 15:54:22 ===
Atoms: 65689, GPU: 0, prod_ns: 2.0
Energy minimization...
NVT 100 ps...
NPT 100 ps...
Production 2.0 ns (1000000 steps)...
{
  "job_id": "rank065_GWHPBECS011179",
  "rank": "65",
  "protein_id": "GWHPBECS011179",
  "gpu_id": 0,
  "prod_ns": 2.0,
  "elapsed_min": 40.54250964721044,
  "status": "done",
  "platform": "OpenMM-CUDA",
  "production_ns": 2.0,
  "n_atoms": 65689,
  "trajectory": "/home/jnz/AIGT_esmc/Gromacs/neg_fix_v1_top200/rank065_GWHPBECS011179/outputs/prod.dcd",
  "final_pdb": "/home/jnz/AIGT_esmc/Gromacs/neg_fix_v1_top200/rank065_GWHPBECS011179/outputs/final.pdb",
  "log": "/home/jnz/AIGT_esmc/Gromacs/neg_fix_v1_top200/rank065_GWHPBECS011179/outputs/prod.log"
}
