
=== rank044_GWHPBECS014754 GPU 1 2026-06-19 10:56:40 ===
Atoms: 64414, GPU: 0, prod_ns: 2.0
Energy minimization...
NVT 100 ps...
NPT 100 ps...
Production 2.0 ns (1000000 steps)...
{
  "job_id": "rank044_GWHPBECS014754",
  "rank": "44",
  "protein_id": "GWHPBECS014754",
  "gpu_id": 0,
  "prod_ns": 2.0,
  "elapsed_min": 39.859208011627196,
  "status": "done",
  "platform": "OpenMM-CUDA",
  "production_ns": 2.0,
  "n_atoms": 64414,
  "trajectory": "/home/jnz/AIGT_esmc/Gromacs/neg_fix_v1_top200/rank044_GWHPBECS014754/outputs/prod.dcd",
  "final_pdb": "/home/jnz/AIGT_esmc/Gromacs/neg_fix_v1_top200/rank044_GWHPBECS014754/outputs/final.pdb",
  "log": "/home/jnz/AIGT_esmc/Gromacs/neg_fix_v1_top200/rank044_GWHPBECS014754/outputs/prod.log"
}
