
=== rank054_GWHPBECS019468 GPU 3 2026-06-19 13:20:04 ===
Atoms: 62222, GPU: 0, prod_ns: 2.0
Energy minimization...
NVT 100 ps...
NPT 100 ps...
Production 2.0 ns (1000000 steps)...
{
  "job_id": "rank054_GWHPBECS019468",
  "rank": "54",
  "protein_id": "GWHPBECS019468",
  "gpu_id": 0,
  "prod_ns": 2.0,
  "elapsed_min": 38.03700899680455,
  "status": "done",
  "platform": "OpenMM-CUDA",
  "production_ns": 2.0,
  "n_atoms": 62222,
  "trajectory": "/home/jnz/AIGT_esmc/Gromacs/neg_fix_v1_top200/rank054_GWHPBECS019468/outputs/prod.dcd",
  "final_pdb": "/home/jnz/AIGT_esmc/Gromacs/neg_fix_v1_top200/rank054_GWHPBECS019468/outputs/final.pdb",
  "log": "/home/jnz/AIGT_esmc/Gromacs/neg_fix_v1_top200/rank054_GWHPBECS019468/outputs/prod.log"
}
