
=== rank049_GWHPBECS039312 GPU 2 2026-06-19 11:57:17 ===
Atoms: 67501, GPU: 0, prod_ns: 2.0
Energy minimization...
NVT 100 ps...
NPT 100 ps...
Production 2.0 ns (1000000 steps)...
{
  "job_id": "rank049_GWHPBECS039312",
  "rank": "49",
  "protein_id": "GWHPBECS039312",
  "gpu_id": 0,
  "prod_ns": 2.0,
  "elapsed_min": 43.895480104287465,
  "status": "done",
  "platform": "OpenMM-CUDA",
  "production_ns": 2.0,
  "n_atoms": 67501,
  "trajectory": "/home/jnz/AIGT_esmc/Gromacs/neg_fix_v1_top200/rank049_GWHPBECS039312/outputs/prod.dcd",
  "final_pdb": "/home/jnz/AIGT_esmc/Gromacs/neg_fix_v1_top200/rank049_GWHPBECS039312/outputs/final.pdb",
  "log": "/home/jnz/AIGT_esmc/Gromacs/neg_fix_v1_top200/rank049_GWHPBECS039312/outputs/prod.log"
}
