
=== rank006_GWHPBECS024446 GPU 3 2026-06-19 01:44:15 ===
Atoms: 71869, GPU: 0, prod_ns: 2.0
Energy minimization...
NVT 100 ps...
NPT 100 ps...
Production 2.0 ns (1000000 steps)...
{
  "job_id": "rank006_GWHPBECS024446",
  "rank": "6",
  "protein_id": "GWHPBECS024446",
  "gpu_id": 0,
  "prod_ns": 2.0,
  "elapsed_min": 51.00720624128977,
  "status": "done",
  "platform": "OpenMM-CUDA",
  "production_ns": 2.0,
  "n_atoms": 71869,
  "trajectory": "/home/jnz/AIGT_esmc/Gromacs/neg_fix_v1_top200/rank006_GWHPBECS024446/outputs/prod.dcd",
  "final_pdb": "/home/jnz/AIGT_esmc/Gromacs/neg_fix_v1_top200/rank006_GWHPBECS024446/outputs/final.pdb",
  "log": "/home/jnz/AIGT_esmc/Gromacs/neg_fix_v1_top200/rank006_GWHPBECS024446/outputs/prod.log"
}
