
=== rank020_GWHPBECS023843 GPU 2 2026-06-19 04:55:49 ===
Atoms: 62615, GPU: 0, prod_ns: 2.0
Energy minimization...
NVT 100 ps...
NPT 100 ps...
Production 2.0 ns (1000000 steps)...
{
  "job_id": "rank020_GWHPBECS023843",
  "rank": "20",
  "protein_id": "GWHPBECS023843",
  "gpu_id": 0,
  "prod_ns": 2.0,
  "elapsed_min": 38.832406576474504,
  "status": "done",
  "platform": "OpenMM-CUDA",
  "production_ns": 2.0,
  "n_atoms": 62615,
  "trajectory": "/home/jnz/AIGT_esmc/Gromacs/neg_fix_v1_top200/rank020_GWHPBECS023843/outputs/prod.dcd",
  "final_pdb": "/home/jnz/AIGT_esmc/Gromacs/neg_fix_v1_top200/rank020_GWHPBECS023843/outputs/final.pdb",
  "log": "/home/jnz/AIGT_esmc/Gromacs/neg_fix_v1_top200/rank020_GWHPBECS023843/outputs/prod.log"
}
