
=== rank171_GWHPBECS015068 GPU 2 2026-06-20 16:59:45 ===
Atoms: 74431, GPU: 0, prod_ns: 2.0
Energy minimization...
NVT 100 ps...
NPT 100 ps...
Production 2.0 ns (1000000 steps)...
{
  "job_id": "rank171_GWHPBECS015068",
  "rank": "171",
  "protein_id": "GWHPBECS015068",
  "gpu_id": 0,
  "prod_ns": 2.0,
  "elapsed_min": 42.993269797166185,
  "status": "done",
  "platform": "OpenMM-CUDA",
  "production_ns": 2.0,
  "n_atoms": 74431,
  "trajectory": "/home/jnz/AIGT_esmc/Gromacs/neg_fix_v1_top200/rank171_GWHPBECS015068/outputs/prod.dcd",
  "final_pdb": "/home/jnz/AIGT_esmc/Gromacs/neg_fix_v1_top200/rank171_GWHPBECS015068/outputs/final.pdb",
  "log": "/home/jnz/AIGT_esmc/Gromacs/neg_fix_v1_top200/rank171_GWHPBECS015068/outputs/prod.log"
}
