
=== rank010_GWHPBECS005377 GPU 1 2026-06-19 02:39:23 ===
Atoms: 67663, GPU: 0, prod_ns: 2.0
Energy minimization...
NVT 100 ps...
NPT 100 ps...
Production 2.0 ns (1000000 steps)...
{
  "job_id": "rank010_GWHPBECS005377",
  "rank": "10",
  "protein_id": "GWHPBECS005377",
  "gpu_id": 0,
  "prod_ns": 2.0,
  "elapsed_min": 53.30329112211863,
  "status": "done",
  "platform": "OpenMM-CUDA",
  "production_ns": 2.0,
  "n_atoms": 67663,
  "trajectory": "/home/jnz/AIGT_esmc/Gromacs/neg_fix_v1_top200/rank010_GWHPBECS005377/outputs/prod.dcd",
  "final_pdb": "/home/jnz/AIGT_esmc/Gromacs/neg_fix_v1_top200/rank010_GWHPBECS005377/outputs/final.pdb",
  "log": "/home/jnz/AIGT_esmc/Gromacs/neg_fix_v1_top200/rank010_GWHPBECS005377/outputs/prod.log"
}
