
=== rank089_GWHPBECS013743 GPU 1 2026-06-19 21:22:34 ===
Atoms: 140323, GPU: 0, prod_ns: 2.0
Energy minimization...
NVT 100 ps...
NPT 100 ps...
Production 2.0 ns (1000000 steps)...
{
  "job_id": "rank089_GWHPBECS013743",
  "rank": "89",
  "protein_id": "GWHPBECS013743",
  "gpu_id": 0,
  "prod_ns": 2.0,
  "elapsed_min": 61.44968250989914,
  "status": "done",
  "platform": "OpenMM-CUDA",
  "production_ns": 2.0,
  "n_atoms": 140323,
  "trajectory": "/home/jnz/AIGT_esmc/Gromacs/neg_fix_v1_top200/rank089_GWHPBECS013743/outputs/prod.dcd",
  "final_pdb": "/home/jnz/AIGT_esmc/Gromacs/neg_fix_v1_top200/rank089_GWHPBECS013743/outputs/final.pdb",
  "log": "/home/jnz/AIGT_esmc/Gromacs/neg_fix_v1_top200/rank089_GWHPBECS013743/outputs/prod.log"
}
