
=== rank158_GWHPBECS013070 GPU 1 2026-06-20 13:37:01 ===
Atoms: 57475, GPU: 0, prod_ns: 2.0
Energy minimization...
NVT 100 ps...
NPT 100 ps...
Production 2.0 ns (1000000 steps)...
{
  "job_id": "rank158_GWHPBECS013070",
  "rank": "158",
  "protein_id": "GWHPBECS013070",
  "gpu_id": 0,
  "prod_ns": 2.0,
  "elapsed_min": 35.82563200394313,
  "status": "done",
  "platform": "OpenMM-CUDA",
  "production_ns": 2.0,
  "n_atoms": 57475,
  "trajectory": "/home/jnz/AIGT_esmc/Gromacs/neg_fix_v1_top200/rank158_GWHPBECS013070/outputs/prod.dcd",
  "final_pdb": "/home/jnz/AIGT_esmc/Gromacs/neg_fix_v1_top200/rank158_GWHPBECS013070/outputs/final.pdb",
  "log": "/home/jnz/AIGT_esmc/Gromacs/neg_fix_v1_top200/rank158_GWHPBECS013070/outputs/prod.log"
}
