
=== rank099_GWHPBECS019951 GPU 1 2026-06-19 23:47:52 ===
Atoms: 63503, GPU: 0, prod_ns: 2.0
Energy minimization...
NVT 100 ps...
NPT 100 ps...
Production 2.0 ns (1000000 steps)...
{
  "job_id": "rank099_GWHPBECS019951",
  "rank": "99",
  "protein_id": "GWHPBECS019951",
  "gpu_id": 0,
  "prod_ns": 2.0,
  "elapsed_min": 37.88794286648432,
  "status": "done",
  "platform": "OpenMM-CUDA",
  "production_ns": 2.0,
  "n_atoms": 63503,
  "trajectory": "/home/jnz/AIGT_esmc/Gromacs/neg_fix_v1_top200/rank099_GWHPBECS019951/outputs/prod.dcd",
  "final_pdb": "/home/jnz/AIGT_esmc/Gromacs/neg_fix_v1_top200/rank099_GWHPBECS019951/outputs/final.pdb",
  "log": "/home/jnz/AIGT_esmc/Gromacs/neg_fix_v1_top200/rank099_GWHPBECS019951/outputs/prod.log"
}
