
=== rank056_GWHPBECS041167 GPU 2 2026-06-19 13:55:55 ===
Atoms: 69933, GPU: 0, prod_ns: 2.0
Energy minimization...
NVT 100 ps...
NPT 100 ps...
Production 2.0 ns (1000000 steps)...
{
  "job_id": "rank056_GWHPBECS041167",
  "rank": "56",
  "protein_id": "GWHPBECS041167",
  "gpu_id": 0,
  "prod_ns": 2.0,
  "elapsed_min": 44.37296680212021,
  "status": "done",
  "platform": "OpenMM-CUDA",
  "production_ns": 2.0,
  "n_atoms": 69933,
  "trajectory": "/home/jnz/AIGT_esmc/Gromacs/neg_fix_v1_top200/rank056_GWHPBECS041167/outputs/prod.dcd",
  "final_pdb": "/home/jnz/AIGT_esmc/Gromacs/neg_fix_v1_top200/rank056_GWHPBECS041167/outputs/final.pdb",
  "log": "/home/jnz/AIGT_esmc/Gromacs/neg_fix_v1_top200/rank056_GWHPBECS041167/outputs/prod.log"
}
