
=== rank068_GWHPBECS026436 GPU 3 2026-06-19 16:34:55 ===
Atoms: 69693, GPU: 0, prod_ns: 2.0
Energy minimization...
NVT 100 ps...
NPT 100 ps...
Production 2.0 ns (1000000 steps)...
{
  "job_id": "rank068_GWHPBECS026436",
  "rank": "68",
  "protein_id": "GWHPBECS026436",
  "gpu_id": 0,
  "prod_ns": 2.0,
  "elapsed_min": 43.63910259405772,
  "status": "done",
  "platform": "OpenMM-CUDA",
  "production_ns": 2.0,
  "n_atoms": 69693,
  "trajectory": "/home/jnz/AIGT_esmc/Gromacs/neg_fix_v1_top200/rank068_GWHPBECS026436/outputs/prod.dcd",
  "final_pdb": "/home/jnz/AIGT_esmc/Gromacs/neg_fix_v1_top200/rank068_GWHPBECS026436/outputs/final.pdb",
  "log": "/home/jnz/AIGT_esmc/Gromacs/neg_fix_v1_top200/rank068_GWHPBECS026436/outputs/prod.log"
}
