
=== rank014_GWHPBECS036195 GPU 2 2026-06-19 03:33:40 ===
Atoms: 76120, GPU: 0, prod_ns: 2.0
Energy minimization...
NVT 100 ps...
NPT 100 ps...
Production 2.0 ns (1000000 steps)...
{
  "job_id": "rank014_GWHPBECS036195",
  "rank": "14",
  "protein_id": "GWHPBECS036195",
  "gpu_id": 0,
  "prod_ns": 2.0,
  "elapsed_min": 45.553276304403944,
  "status": "done",
  "platform": "OpenMM-CUDA",
  "production_ns": 2.0,
  "n_atoms": 76120,
  "trajectory": "/home/jnz/AIGT_esmc/Gromacs/neg_fix_v1_top200/rank014_GWHPBECS036195/outputs/prod.dcd",
  "final_pdb": "/home/jnz/AIGT_esmc/Gromacs/neg_fix_v1_top200/rank014_GWHPBECS036195/outputs/final.pdb",
  "log": "/home/jnz/AIGT_esmc/Gromacs/neg_fix_v1_top200/rank014_GWHPBECS036195/outputs/prod.log"
}
