
=== rank076_GWHPBECS019981 GPU 1 2026-06-19 18:22:15 ===
Atoms: 67887, GPU: 0, prod_ns: 2.0
Energy minimization...
NVT 100 ps...
NPT 100 ps...
Production 2.0 ns (1000000 steps)...
{
  "job_id": "rank076_GWHPBECS019981",
  "rank": "76",
  "protein_id": "GWHPBECS019981",
  "gpu_id": 0,
  "prod_ns": 2.0,
  "elapsed_min": 42.552845776081085,
  "status": "done",
  "platform": "OpenMM-CUDA",
  "production_ns": 2.0,
  "n_atoms": 67887,
  "trajectory": "/home/jnz/AIGT_esmc/Gromacs/neg_fix_v1_top200/rank076_GWHPBECS019981/outputs/prod.dcd",
  "final_pdb": "/home/jnz/AIGT_esmc/Gromacs/neg_fix_v1_top200/rank076_GWHPBECS019981/outputs/final.pdb",
  "log": "/home/jnz/AIGT_esmc/Gromacs/neg_fix_v1_top200/rank076_GWHPBECS019981/outputs/prod.log"
}
