
=== rank008_GWHPBECS005891 GPU 2 2026-06-19 01:49:15 ===
Atoms: 71071, GPU: 0, prod_ns: 2.0
Energy minimization...
NVT 100 ps...
NPT 100 ps...
Production 2.0 ns (1000000 steps)...
{
  "job_id": "rank008_GWHPBECS005891",
  "rank": "8",
  "protein_id": "GWHPBECS005891",
  "gpu_id": 0,
  "prod_ns": 2.0,
  "elapsed_min": 51.417324018478396,
  "status": "done",
  "platform": "OpenMM-CUDA",
  "production_ns": 2.0,
  "n_atoms": 71071,
  "trajectory": "/home/jnz/AIGT_esmc/Gromacs/neg_fix_v1_top200/rank008_GWHPBECS005891/outputs/prod.dcd",
  "final_pdb": "/home/jnz/AIGT_esmc/Gromacs/neg_fix_v1_top200/rank008_GWHPBECS005891/outputs/final.pdb",
  "log": "/home/jnz/AIGT_esmc/Gromacs/neg_fix_v1_top200/rank008_GWHPBECS005891/outputs/prod.log"
}
