
=== rank197_GWHPBECS006544 GPU 1 2026-06-20 22:38:34 ===
Atoms: 69955, GPU: 0, prod_ns: 2.0
Energy minimization...
NVT 100 ps...
NPT 100 ps...
Production 2.0 ns (1000000 steps)...
{
  "job_id": "rank197_GWHPBECS006544",
  "rank": "197",
  "protein_id": "GWHPBECS006544",
  "gpu_id": 0,
  "prod_ns": 2.0,
  "elapsed_min": 40.67455185254415,
  "status": "done",
  "platform": "OpenMM-CUDA",
  "production_ns": 2.0,
  "n_atoms": 69955,
  "trajectory": "/home/jnz/AIGT_esmc/Gromacs/neg_fix_v1_top200/rank197_GWHPBECS006544/outputs/prod.dcd",
  "final_pdb": "/home/jnz/AIGT_esmc/Gromacs/neg_fix_v1_top200/rank197_GWHPBECS006544/outputs/final.pdb",
  "log": "/home/jnz/AIGT_esmc/Gromacs/neg_fix_v1_top200/rank197_GWHPBECS006544/outputs/prod.log"
}
