
=== rank067_GWHPBECS041207 GPU 1 2026-06-19 16:17:21 ===
Atoms: 63347, GPU: 0, prod_ns: 2.0
Energy minimization...
NVT 100 ps...
NPT 100 ps...
Production 2.0 ns (1000000 steps)...
{
  "job_id": "rank067_GWHPBECS041207",
  "rank": "67",
  "protein_id": "GWHPBECS041207",
  "gpu_id": 0,
  "prod_ns": 2.0,
  "elapsed_min": 39.42126312653224,
  "status": "done",
  "platform": "OpenMM-CUDA",
  "production_ns": 2.0,
  "n_atoms": 63347,
  "trajectory": "/home/jnz/AIGT_esmc/Gromacs/neg_fix_v1_top200/rank067_GWHPBECS041207/outputs/prod.dcd",
  "final_pdb": "/home/jnz/AIGT_esmc/Gromacs/neg_fix_v1_top200/rank067_GWHPBECS041207/outputs/final.pdb",
  "log": "/home/jnz/AIGT_esmc/Gromacs/neg_fix_v1_top200/rank067_GWHPBECS041207/outputs/prod.log"
}
