
=== rank018_GWHPBECS034039 GPU 2 2026-06-19 04:19:14 ===
Atoms: 55644, GPU: 0, prod_ns: 2.0
Energy minimization...
NVT 100 ps...
NPT 100 ps...
Production 2.0 ns (1000000 steps)...
{
  "job_id": "rank018_GWHPBECS034039",
  "rank": "18",
  "protein_id": "GWHPBECS034039",
  "gpu_id": 0,
  "prod_ns": 2.0,
  "elapsed_min": 36.566201237837475,
  "status": "done",
  "platform": "OpenMM-CUDA",
  "production_ns": 2.0,
  "n_atoms": 55644,
  "trajectory": "/home/jnz/AIGT_esmc/Gromacs/neg_fix_v1_top200/rank018_GWHPBECS034039/outputs/prod.dcd",
  "final_pdb": "/home/jnz/AIGT_esmc/Gromacs/neg_fix_v1_top200/rank018_GWHPBECS034039/outputs/final.pdb",
  "log": "/home/jnz/AIGT_esmc/Gromacs/neg_fix_v1_top200/rank018_GWHPBECS034039/outputs/prod.log"
}
