
=== rank159_GWHPBECS036889 GPU 3 2026-06-20 14:09:23 ===
Atoms: 62225, GPU: 0, prod_ns: 2.0
Energy minimization...
NVT 100 ps...
NPT 100 ps...
Production 2.0 ns (1000000 steps)...
{
  "job_id": "rank159_GWHPBECS036889",
  "rank": "159",
  "protein_id": "GWHPBECS036889",
  "gpu_id": 0,
  "prod_ns": 2.0,
  "elapsed_min": 36.79990704456965,
  "status": "done",
  "platform": "OpenMM-CUDA",
  "production_ns": 2.0,
  "n_atoms": 62225,
  "trajectory": "/home/jnz/AIGT_esmc/Gromacs/neg_fix_v1_top200/rank159_GWHPBECS036889/outputs/prod.dcd",
  "final_pdb": "/home/jnz/AIGT_esmc/Gromacs/neg_fix_v1_top200/rank159_GWHPBECS036889/outputs/final.pdb",
  "log": "/home/jnz/AIGT_esmc/Gromacs/neg_fix_v1_top200/rank159_GWHPBECS036889/outputs/prod.log"
}
