
=== rank033_GWHPBECS023844 GPU 1 2026-06-19 08:13:39 ===
Atoms: 67429, GPU: 0, prod_ns: 2.0
Energy minimization...
NVT 100 ps...
NPT 100 ps...
Production 2.0 ns (1000000 steps)...
{
  "job_id": "rank033_GWHPBECS023844",
  "rank": "33",
  "protein_id": "GWHPBECS023844",
  "gpu_id": 0,
  "prod_ns": 2.0,
  "elapsed_min": 43.6544543504715,
  "status": "done",
  "platform": "OpenMM-CUDA",
  "production_ns": 2.0,
  "n_atoms": 67429,
  "trajectory": "/home/jnz/AIGT_esmc/Gromacs/neg_fix_v1_top200/rank033_GWHPBECS023844/outputs/prod.dcd",
  "final_pdb": "/home/jnz/AIGT_esmc/Gromacs/neg_fix_v1_top200/rank033_GWHPBECS023844/outputs/final.pdb",
  "log": "/home/jnz/AIGT_esmc/Gromacs/neg_fix_v1_top200/rank033_GWHPBECS023844/outputs/prod.log"
}
