
=== rank103_GWHPBECS041304 GPU 2 2026-06-20 01:01:13 ===
Atoms: 58820, GPU: 0, prod_ns: 2.0
Energy minimization...
NVT 100 ps...
NPT 100 ps...
Production 2.0 ns (1000000 steps)...
{
  "job_id": "rank103_GWHPBECS041304",
  "rank": "103",
  "protein_id": "GWHPBECS041304",
  "gpu_id": 0,
  "prod_ns": 2.0,
  "elapsed_min": 36.05702832937241,
  "status": "done",
  "platform": "OpenMM-CUDA",
  "production_ns": 2.0,
  "n_atoms": 58820,
  "trajectory": "/home/jnz/AIGT_esmc/Gromacs/neg_fix_v1_top200/rank103_GWHPBECS041304/outputs/prod.dcd",
  "final_pdb": "/home/jnz/AIGT_esmc/Gromacs/neg_fix_v1_top200/rank103_GWHPBECS041304/outputs/final.pdb",
  "log": "/home/jnz/AIGT_esmc/Gromacs/neg_fix_v1_top200/rank103_GWHPBECS041304/outputs/prod.log"
}
