
=== rank104_GWHPBECS012324 GPU 3 2026-06-20 01:02:33 ===
Atoms: 56395, GPU: 0, prod_ns: 2.0
Energy minimization...
NVT 100 ps...
NPT 100 ps...
Production 2.0 ns (1000000 steps)...
{
  "job_id": "rank104_GWHPBECS012324",
  "rank": "104",
  "protein_id": "GWHPBECS012324",
  "gpu_id": 0,
  "prod_ns": 2.0,
  "elapsed_min": 37.67216444015503,
  "status": "done",
  "platform": "OpenMM-CUDA",
  "production_ns": 2.0,
  "n_atoms": 56395,
  "trajectory": "/home/jnz/AIGT_esmc/Gromacs/neg_fix_v1_top200/rank104_GWHPBECS012324/outputs/prod.dcd",
  "final_pdb": "/home/jnz/AIGT_esmc/Gromacs/neg_fix_v1_top200/rank104_GWHPBECS012324/outputs/final.pdb",
  "log": "/home/jnz/AIGT_esmc/Gromacs/neg_fix_v1_top200/rank104_GWHPBECS012324/outputs/prod.log"
}
