
=== rank082_GWHPBECS005886 GPU 1 2026-06-19 19:46:09 ===
Atoms: 88310, GPU: 0, prod_ns: 2.0
Energy minimization...
NVT 100 ps...
NPT 100 ps...
Production 2.0 ns (1000000 steps)...
{
  "job_id": "rank082_GWHPBECS005886",
  "rank": "82",
  "protein_id": "GWHPBECS005886",
  "gpu_id": 0,
  "prod_ns": 2.0,
  "elapsed_min": 58.703823212782545,
  "status": "done",
  "platform": "OpenMM-CUDA",
  "production_ns": 2.0,
  "n_atoms": 88310,
  "trajectory": "/home/jnz/AIGT_esmc/Gromacs/neg_fix_v1_top200/rank082_GWHPBECS005886/outputs/prod.dcd",
  "final_pdb": "/home/jnz/AIGT_esmc/Gromacs/neg_fix_v1_top200/rank082_GWHPBECS005886/outputs/final.pdb",
  "log": "/home/jnz/AIGT_esmc/Gromacs/neg_fix_v1_top200/rank082_GWHPBECS005886/outputs/prod.log"
}
