
=== rank142_GWHPBECS010874 GPU 1 2026-06-20 10:03:16 ===
Atoms: 68155, GPU: 0, prod_ns: 2.0
Energy minimization...
NVT 100 ps...
NPT 100 ps...
Production 2.0 ns (1000000 steps)...
{
  "job_id": "rank142_GWHPBECS010874",
  "rank": "142",
  "protein_id": "GWHPBECS010874",
  "gpu_id": 0,
  "prod_ns": 2.0,
  "elapsed_min": 42.53970195452372,
  "status": "done",
  "platform": "OpenMM-CUDA",
  "production_ns": 2.0,
  "n_atoms": 68155,
  "trajectory": "/home/jnz/AIGT_esmc/Gromacs/neg_fix_v1_top200/rank142_GWHPBECS010874/outputs/prod.dcd",
  "final_pdb": "/home/jnz/AIGT_esmc/Gromacs/neg_fix_v1_top200/rank142_GWHPBECS010874/outputs/final.pdb",
  "log": "/home/jnz/AIGT_esmc/Gromacs/neg_fix_v1_top200/rank142_GWHPBECS010874/outputs/prod.log"
}
