
=== rank096_GWHPBECS025373 GPU 1 2026-06-19 23:07:13 ===
Atoms: 64859, GPU: 0, prod_ns: 2.0
Energy minimization...
NVT 100 ps...
NPT 100 ps...
Production 2.0 ns (1000000 steps)...
{
  "job_id": "rank096_GWHPBECS025373",
  "rank": "96",
  "protein_id": "GWHPBECS025373",
  "gpu_id": 0,
  "prod_ns": 2.0,
  "elapsed_min": 40.647747627894084,
  "status": "done",
  "platform": "OpenMM-CUDA",
  "production_ns": 2.0,
  "n_atoms": 64859,
  "trajectory": "/home/jnz/AIGT_esmc/Gromacs/neg_fix_v1_top200/rank096_GWHPBECS025373/outputs/prod.dcd",
  "final_pdb": "/home/jnz/AIGT_esmc/Gromacs/neg_fix_v1_top200/rank096_GWHPBECS025373/outputs/final.pdb",
  "log": "/home/jnz/AIGT_esmc/Gromacs/neg_fix_v1_top200/rank096_GWHPBECS025373/outputs/prod.log"
}
