
=== rank135_GWHPBECS026438 GPU 1 2026-06-20 08:36:44 ===
Atoms: 65705, GPU: 0, prod_ns: 2.0
Energy minimization...
NVT 100 ps...
NPT 100 ps...
Production 2.0 ns (1000000 steps)...
{
  "job_id": "rank135_GWHPBECS026438",
  "rank": "135",
  "protein_id": "GWHPBECS026438",
  "gpu_id": 0,
  "prod_ns": 2.0,
  "elapsed_min": 42.57283695141474,
  "status": "done",
  "platform": "OpenMM-CUDA",
  "production_ns": 2.0,
  "n_atoms": 65705,
  "trajectory": "/home/jnz/AIGT_esmc/Gromacs/neg_fix_v1_top200/rank135_GWHPBECS026438/outputs/prod.dcd",
  "final_pdb": "/home/jnz/AIGT_esmc/Gromacs/neg_fix_v1_top200/rank135_GWHPBECS026438/outputs/final.pdb",
  "log": "/home/jnz/AIGT_esmc/Gromacs/neg_fix_v1_top200/rank135_GWHPBECS026438/outputs/prod.log"
}
