
=== rank112_GWHPBECS025037 GPU 2 2026-06-20 02:55:55 ===
Atoms: 114450, GPU: 0, prod_ns: 2.0
Energy minimization...
NVT 100 ps...
NPT 100 ps...
Production 2.0 ns (1000000 steps)...
{
  "job_id": "rank112_GWHPBECS025037",
  "rank": "112",
  "protein_id": "GWHPBECS025037",
  "gpu_id": 0,
  "prod_ns": 2.0,
  "elapsed_min": 57.23196724653244,
  "status": "done",
  "platform": "OpenMM-CUDA",
  "production_ns": 2.0,
  "n_atoms": 114450,
  "trajectory": "/home/jnz/AIGT_esmc/Gromacs/neg_fix_v1_top200/rank112_GWHPBECS025037/outputs/prod.dcd",
  "final_pdb": "/home/jnz/AIGT_esmc/Gromacs/neg_fix_v1_top200/rank112_GWHPBECS025037/outputs/final.pdb",
  "log": "/home/jnz/AIGT_esmc/Gromacs/neg_fix_v1_top200/rank112_GWHPBECS025037/outputs/prod.log"
}
