
=== rank189_GWHPBECS034592 GPU 2 2026-06-20 21:10:38 ===
Atoms: 65768, GPU: 0, prod_ns: 2.0
Energy minimization...
NVT 100 ps...
NPT 100 ps...
Production 2.0 ns (1000000 steps)...
{
  "job_id": "rank189_GWHPBECS034592",
  "rank": "189",
  "protein_id": "GWHPBECS034592",
  "gpu_id": 0,
  "prod_ns": 2.0,
  "elapsed_min": 42.085225303967796,
  "status": "done",
  "platform": "OpenMM-CUDA",
  "production_ns": 2.0,
  "n_atoms": 65768,
  "trajectory": "/home/jnz/AIGT_esmc/Gromacs/neg_fix_v1_top200/rank189_GWHPBECS034592/outputs/prod.dcd",
  "final_pdb": "/home/jnz/AIGT_esmc/Gromacs/neg_fix_v1_top200/rank189_GWHPBECS034592/outputs/final.pdb",
  "log": "/home/jnz/AIGT_esmc/Gromacs/neg_fix_v1_top200/rank189_GWHPBECS034592/outputs/prod.log"
}
