
=== rank045_GWHPBECS026466 GPU 3 2026-06-19 11:12:34 ===
Atoms: 67726, GPU: 0, prod_ns: 2.0
Energy minimization...
NVT 100 ps...
NPT 100 ps...
Production 2.0 ns (1000000 steps)...
{
  "job_id": "rank045_GWHPBECS026466",
  "rank": "45",
  "protein_id": "GWHPBECS026466",
  "gpu_id": 0,
  "prod_ns": 2.0,
  "elapsed_min": 44.22482980489731,
  "status": "done",
  "platform": "OpenMM-CUDA",
  "production_ns": 2.0,
  "n_atoms": 67726,
  "trajectory": "/home/jnz/AIGT_esmc/Gromacs/neg_fix_v1_top200/rank045_GWHPBECS026466/outputs/prod.dcd",
  "final_pdb": "/home/jnz/AIGT_esmc/Gromacs/neg_fix_v1_top200/rank045_GWHPBECS026466/outputs/final.pdb",
  "log": "/home/jnz/AIGT_esmc/Gromacs/neg_fix_v1_top200/rank045_GWHPBECS026466/outputs/prod.log"
}
