
=== rank193_GWHPBECS019961 GPU 1 2026-06-20 21:53:55 ===
Atoms: 76046, GPU: 0, prod_ns: 2.0
Energy minimization...
NVT 100 ps...
NPT 100 ps...
Production 2.0 ns (1000000 steps)...
{
  "job_id": "rank193_GWHPBECS019961",
  "rank": "193",
  "protein_id": "GWHPBECS019961",
  "gpu_id": 0,
  "prod_ns": 2.0,
  "elapsed_min": 44.632141848405205,
  "status": "done",
  "platform": "OpenMM-CUDA",
  "production_ns": 2.0,
  "n_atoms": 76046,
  "trajectory": "/home/jnz/AIGT_esmc/Gromacs/neg_fix_v1_top200/rank193_GWHPBECS019961/outputs/prod.dcd",
  "final_pdb": "/home/jnz/AIGT_esmc/Gromacs/neg_fix_v1_top200/rank193_GWHPBECS019961/outputs/final.pdb",
  "log": "/home/jnz/AIGT_esmc/Gromacs/neg_fix_v1_top200/rank193_GWHPBECS019961/outputs/prod.log"
}
