
=== rank024_GWHPBECS013086 GPU 3 2026-06-19 05:48:16 ===
Atoms: 74239, GPU: 0, prod_ns: 2.0
Energy minimization...
NVT 100 ps...
NPT 100 ps...
Production 2.0 ns (1000000 steps)...
{
  "job_id": "rank024_GWHPBECS013086",
  "rank": "24",
  "protein_id": "GWHPBECS013086",
  "gpu_id": 0,
  "prod_ns": 2.0,
  "elapsed_min": 43.765125612417854,
  "status": "done",
  "platform": "OpenMM-CUDA",
  "production_ns": 2.0,
  "n_atoms": 74239,
  "trajectory": "/home/jnz/AIGT_esmc/Gromacs/neg_fix_v1_top200/rank024_GWHPBECS013086/outputs/prod.dcd",
  "final_pdb": "/home/jnz/AIGT_esmc/Gromacs/neg_fix_v1_top200/rank024_GWHPBECS013086/outputs/final.pdb",
  "log": "/home/jnz/AIGT_esmc/Gromacs/neg_fix_v1_top200/rank024_GWHPBECS013086/outputs/prod.log"
}
