
=== rank130_GWHPBECS026447 GPU 3 2026-06-20 07:17:11 ===
Atoms: 56459, GPU: 0, prod_ns: 2.0
Energy minimization...
NVT 100 ps...
NPT 100 ps...
Production 2.0 ns (1000000 steps)...
{
  "job_id": "rank130_GWHPBECS026447",
  "rank": "130",
  "protein_id": "GWHPBECS026447",
  "gpu_id": 0,
  "prod_ns": 2.0,
  "elapsed_min": 37.28840324878693,
  "status": "done",
  "platform": "OpenMM-CUDA",
  "production_ns": 2.0,
  "n_atoms": 56459,
  "trajectory": "/home/jnz/AIGT_esmc/Gromacs/neg_fix_v1_top200/rank130_GWHPBECS026447/outputs/prod.dcd",
  "final_pdb": "/home/jnz/AIGT_esmc/Gromacs/neg_fix_v1_top200/rank130_GWHPBECS026447/outputs/final.pdb",
  "log": "/home/jnz/AIGT_esmc/Gromacs/neg_fix_v1_top200/rank130_GWHPBECS026447/outputs/prod.log"
}
