
=== rank144_GWHPBECS013075 GPU 2 2026-06-20 10:35:51 ===
Atoms: 67490, GPU: 0, prod_ns: 2.0
Energy minimization...
NVT 100 ps...
NPT 100 ps...
Production 2.0 ns (1000000 steps)...
{
  "job_id": "rank144_GWHPBECS013075",
  "rank": "144",
  "protein_id": "GWHPBECS013075",
  "gpu_id": 0,
  "prod_ns": 2.0,
  "elapsed_min": 43.915871294339496,
  "status": "done",
  "platform": "OpenMM-CUDA",
  "production_ns": 2.0,
  "n_atoms": 67490,
  "trajectory": "/home/jnz/AIGT_esmc/Gromacs/neg_fix_v1_top200/rank144_GWHPBECS013075/outputs/prod.dcd",
  "final_pdb": "/home/jnz/AIGT_esmc/Gromacs/neg_fix_v1_top200/rank144_GWHPBECS013075/outputs/final.pdb",
  "log": "/home/jnz/AIGT_esmc/Gromacs/neg_fix_v1_top200/rank144_GWHPBECS013075/outputs/prod.log"
}
