
=== rank013_GWHPBECS041259 GPU 1 2026-06-19 03:32:42 ===
Atoms: 57190, GPU: 0, prod_ns: 2.0
Energy minimization...
NVT 100 ps...
NPT 100 ps...
Production 2.0 ns (1000000 steps)...
{
  "job_id": "rank013_GWHPBECS041259",
  "rank": "13",
  "protein_id": "GWHPBECS041259",
  "gpu_id": 0,
  "prod_ns": 2.0,
  "elapsed_min": 36.650433715184526,
  "status": "done",
  "platform": "OpenMM-CUDA",
  "production_ns": 2.0,
  "n_atoms": 57190,
  "trajectory": "/home/jnz/AIGT_esmc/Gromacs/neg_fix_v1_top200/rank013_GWHPBECS041259/outputs/prod.dcd",
  "final_pdb": "/home/jnz/AIGT_esmc/Gromacs/neg_fix_v1_top200/rank013_GWHPBECS041259/outputs/final.pdb",
  "log": "/home/jnz/AIGT_esmc/Gromacs/neg_fix_v1_top200/rank013_GWHPBECS041259/outputs/prod.log"
}
