
=== rank128_GWHPBECS015470 GPU 3 2026-06-20 06:40:54 ===
Atoms: 54911, GPU: 0, prod_ns: 2.0
Energy minimization...
NVT 100 ps...
NPT 100 ps...
Production 2.0 ns (1000000 steps)...
{
  "job_id": "rank128_GWHPBECS015470",
  "rank": "128",
  "protein_id": "GWHPBECS015470",
  "gpu_id": 0,
  "prod_ns": 2.0,
  "elapsed_min": 36.274249311288195,
  "status": "done",
  "platform": "OpenMM-CUDA",
  "production_ns": 2.0,
  "n_atoms": 54911,
  "trajectory": "/home/jnz/AIGT_esmc/Gromacs/neg_fix_v1_top200/rank128_GWHPBECS015470/outputs/prod.dcd",
  "final_pdb": "/home/jnz/AIGT_esmc/Gromacs/neg_fix_v1_top200/rank128_GWHPBECS015470/outputs/final.pdb",
  "log": "/home/jnz/AIGT_esmc/Gromacs/neg_fix_v1_top200/rank128_GWHPBECS015470/outputs/prod.log"
}
