
=== rank166_GWHPBECS026810 GPU 1 2026-06-20 15:32:43 ===
Atoms: 68814, GPU: 0, prod_ns: 2.0
Energy minimization...
NVT 100 ps...
NPT 100 ps...
Production 2.0 ns (1000000 steps)...
{
  "job_id": "rank166_GWHPBECS026810",
  "rank": "166",
  "protein_id": "GWHPBECS026810",
  "gpu_id": 0,
  "prod_ns": 2.0,
  "elapsed_min": 43.70102948347728,
  "status": "done",
  "platform": "OpenMM-CUDA",
  "production_ns": 2.0,
  "n_atoms": 68814,
  "trajectory": "/home/jnz/AIGT_esmc/Gromacs/neg_fix_v1_top200/rank166_GWHPBECS026810/outputs/prod.dcd",
  "final_pdb": "/home/jnz/AIGT_esmc/Gromacs/neg_fix_v1_top200/rank166_GWHPBECS026810/outputs/final.pdb",
  "log": "/home/jnz/AIGT_esmc/Gromacs/neg_fix_v1_top200/rank166_GWHPBECS026810/outputs/prod.log"
}
