
=== rank139_GWHPBECS010875 GPU 1 2026-06-20 09:19:20 ===
Atoms: 66108, GPU: 0, prod_ns: 2.0
Energy minimization...
NVT 100 ps...
NPT 100 ps...
Production 2.0 ns (1000000 steps)...
{
  "job_id": "rank139_GWHPBECS010875",
  "rank": "139",
  "protein_id": "GWHPBECS010875",
  "gpu_id": 0,
  "prod_ns": 2.0,
  "elapsed_min": 43.921772921085356,
  "status": "done",
  "platform": "OpenMM-CUDA",
  "production_ns": 2.0,
  "n_atoms": 66108,
  "trajectory": "/home/jnz/AIGT_esmc/Gromacs/neg_fix_v1_top200/rank139_GWHPBECS010875/outputs/prod.dcd",
  "final_pdb": "/home/jnz/AIGT_esmc/Gromacs/neg_fix_v1_top200/rank139_GWHPBECS010875/outputs/final.pdb",
  "log": "/home/jnz/AIGT_esmc/Gromacs/neg_fix_v1_top200/rank139_GWHPBECS010875/outputs/prod.log"
}
