
=== rank185_GWHPBECS012325 GPU 1 2026-06-20 19:58:03 ===
Atoms: 53742, GPU: 0, prod_ns: 2.0
Energy minimization...
NVT 100 ps...
NPT 100 ps...
Production 2.0 ns (1000000 steps)...
{
  "job_id": "rank185_GWHPBECS012325",
  "rank": "185",
  "protein_id": "GWHPBECS012325",
  "gpu_id": 0,
  "prod_ns": 2.0,
  "elapsed_min": 35.99032371838887,
  "status": "done",
  "platform": "OpenMM-CUDA",
  "production_ns": 2.0,
  "n_atoms": 53742,
  "trajectory": "/home/jnz/AIGT_esmc/Gromacs/neg_fix_v1_top200/rank185_GWHPBECS012325/outputs/prod.dcd",
  "final_pdb": "/home/jnz/AIGT_esmc/Gromacs/neg_fix_v1_top200/rank185_GWHPBECS012325/outputs/final.pdb",
  "log": "/home/jnz/AIGT_esmc/Gromacs/neg_fix_v1_top200/rank185_GWHPBECS012325/outputs/prod.log"
}
