
=== rank132_GWHPBECS030111 GPU 1 2026-06-20 07:53:21 ===
Atoms: 81740, GPU: 0, prod_ns: 2.0
Energy minimization...
NVT 100 ps...
NPT 100 ps...
Production 2.0 ns (1000000 steps)...
{
  "job_id": "rank132_GWHPBECS030111",
  "rank": "132",
  "protein_id": "GWHPBECS030111",
  "gpu_id": 0,
  "prod_ns": 2.0,
  "elapsed_min": 43.38166715304057,
  "status": "done",
  "platform": "OpenMM-CUDA",
  "production_ns": 2.0,
  "n_atoms": 81740,
  "trajectory": "/home/jnz/AIGT_esmc/Gromacs/neg_fix_v1_top200/rank132_GWHPBECS030111/outputs/prod.dcd",
  "final_pdb": "/home/jnz/AIGT_esmc/Gromacs/neg_fix_v1_top200/rank132_GWHPBECS030111/outputs/final.pdb",
  "log": "/home/jnz/AIGT_esmc/Gromacs/neg_fix_v1_top200/rank132_GWHPBECS030111/outputs/prod.log"
}
