
=== rank180_GWHPBECS004661 GPU 3 2026-06-20 19:03:13 ===
Atoms: 81958, GPU: 0, prod_ns: 2.0
Energy minimization...
NVT 100 ps...
NPT 100 ps...
Production 2.0 ns (1000000 steps)...
{
  "job_id": "rank180_GWHPBECS004661",
  "rank": "180",
  "protein_id": "GWHPBECS004661",
  "gpu_id": 0,
  "prod_ns": 2.0,
  "elapsed_min": 47.830035543441774,
  "status": "done",
  "platform": "OpenMM-CUDA",
  "production_ns": 2.0,
  "n_atoms": 81958,
  "trajectory": "/home/jnz/AIGT_esmc/Gromacs/neg_fix_v1_top200/rank180_GWHPBECS004661/outputs/prod.dcd",
  "final_pdb": "/home/jnz/AIGT_esmc/Gromacs/neg_fix_v1_top200/rank180_GWHPBECS004661/outputs/final.pdb",
  "log": "/home/jnz/AIGT_esmc/Gromacs/neg_fix_v1_top200/rank180_GWHPBECS004661/outputs/prod.log"
}
