
=== rank043_GWHPBECS041246 GPU 3 2026-06-19 10:28:08 ===
Atoms: 56399, GPU: 0, prod_ns: 2.0
Energy minimization...
NVT 100 ps...
NPT 100 ps...
Production 2.0 ns (1000000 steps)...
{
  "job_id": "rank043_GWHPBECS041246",
  "rank": "43",
  "protein_id": "GWHPBECS041246",
  "gpu_id": 0,
  "prod_ns": 2.0,
  "elapsed_min": 44.427700916926064,
  "status": "done",
  "platform": "OpenMM-CUDA",
  "production_ns": 2.0,
  "n_atoms": 56399,
  "trajectory": "/home/jnz/AIGT_esmc/Gromacs/neg_fix_v1_top200/rank043_GWHPBECS041246/outputs/prod.dcd",
  "final_pdb": "/home/jnz/AIGT_esmc/Gromacs/neg_fix_v1_top200/rank043_GWHPBECS041246/outputs/final.pdb",
  "log": "/home/jnz/AIGT_esmc/Gromacs/neg_fix_v1_top200/rank043_GWHPBECS041246/outputs/prod.log"
}
