
=== rank199_GWHPBECS002782 GPU 3 2026-06-20 23:21:17 ===
Atoms: 64174, GPU: 0, prod_ns: 2.0
Energy minimization...
NVT 100 ps...
NPT 100 ps...
Production 2.0 ns (1000000 steps)...
{
  "job_id": "rank199_GWHPBECS002782",
  "rank": "199",
  "protein_id": "GWHPBECS002782",
  "gpu_id": 0,
  "prod_ns": 2.0,
  "elapsed_min": 41.44375743468603,
  "status": "done",
  "platform": "OpenMM-CUDA",
  "production_ns": 2.0,
  "n_atoms": 64174,
  "trajectory": "/home/jnz/AIGT_esmc/Gromacs/neg_fix_v1_top200/rank199_GWHPBECS002782/outputs/prod.dcd",
  "final_pdb": "/home/jnz/AIGT_esmc/Gromacs/neg_fix_v1_top200/rank199_GWHPBECS002782/outputs/final.pdb",
  "log": "/home/jnz/AIGT_esmc/Gromacs/neg_fix_v1_top200/rank199_GWHPBECS002782/outputs/prod.log"
}
