
=== rank053_GWHPBECS039792 GPU 2 2026-06-19 13:19:28 ===
Atoms: 59335, GPU: 0, prod_ns: 2.0
Energy minimization...
NVT 100 ps...
NPT 100 ps...
Production 2.0 ns (1000000 steps)...
{
  "job_id": "rank053_GWHPBECS039792",
  "rank": "53",
  "protein_id": "GWHPBECS039792",
  "gpu_id": 0,
  "prod_ns": 2.0,
  "elapsed_min": 36.44301665623983,
  "status": "done",
  "platform": "OpenMM-CUDA",
  "production_ns": 2.0,
  "n_atoms": 59335,
  "trajectory": "/home/jnz/AIGT_esmc/Gromacs/neg_fix_v1_top200/rank053_GWHPBECS039792/outputs/prod.dcd",
  "final_pdb": "/home/jnz/AIGT_esmc/Gromacs/neg_fix_v1_top200/rank053_GWHPBECS039792/outputs/final.pdb",
  "log": "/home/jnz/AIGT_esmc/Gromacs/neg_fix_v1_top200/rank053_GWHPBECS039792/outputs/prod.log"
}
