
=== rank051_GWHPBECS039310 GPU 3 2026-06-19 12:22:36 ===
Atoms: 64517, GPU: 0, prod_ns: 2.0
Energy minimization...
NVT 100 ps...
NPT 100 ps...
Production 2.0 ns (1000000 steps)...
{
  "job_id": "rank051_GWHPBECS039310",
  "rank": "51",
  "protein_id": "GWHPBECS039310",
  "gpu_id": 0,
  "prod_ns": 2.0,
  "elapsed_min": 57.45410039822261,
  "status": "done",
  "platform": "OpenMM-CUDA",
  "production_ns": 2.0,
  "n_atoms": 64517,
  "trajectory": "/home/jnz/AIGT_esmc/Gromacs/neg_fix_v1_top200/rank051_GWHPBECS039310/outputs/prod.dcd",
  "final_pdb": "/home/jnz/AIGT_esmc/Gromacs/neg_fix_v1_top200/rank051_GWHPBECS039310/outputs/final.pdb",
  "log": "/home/jnz/AIGT_esmc/Gromacs/neg_fix_v1_top200/rank051_GWHPBECS039310/outputs/prod.log"
}
