
=== rank064_GWHPBECS026429 GPU 1 2026-06-19 15:33:17 ===
Atoms: 73632, GPU: 0, prod_ns: 2.0
Energy minimization...
NVT 100 ps...
NPT 100 ps...
Production 2.0 ns (1000000 steps)...
{
  "job_id": "rank064_GWHPBECS026429",
  "rank": "64",
  "protein_id": "GWHPBECS026429",
  "gpu_id": 0,
  "prod_ns": 2.0,
  "elapsed_min": 44.047792212168375,
  "status": "done",
  "platform": "OpenMM-CUDA",
  "production_ns": 2.0,
  "n_atoms": 73632,
  "trajectory": "/home/jnz/AIGT_esmc/Gromacs/neg_fix_v1_top200/rank064_GWHPBECS026429/outputs/prod.dcd",
  "final_pdb": "/home/jnz/AIGT_esmc/Gromacs/neg_fix_v1_top200/rank064_GWHPBECS026429/outputs/final.pdb",
  "log": "/home/jnz/AIGT_esmc/Gromacs/neg_fix_v1_top200/rank064_GWHPBECS026429/outputs/prod.log"
}
