
=== rank060_GWHPBECS041209 GPU 2 2026-06-19 14:40:18 ===
Atoms: 65977, GPU: 0, prod_ns: 2.0
Energy minimization...
NVT 100 ps...
NPT 100 ps...
Production 2.0 ns (1000000 steps)...
{
  "job_id": "rank060_GWHPBECS041209",
  "rank": "60",
  "protein_id": "GWHPBECS041209",
  "gpu_id": 0,
  "prod_ns": 2.0,
  "elapsed_min": 41.91825417280197,
  "status": "done",
  "platform": "OpenMM-CUDA",
  "production_ns": 2.0,
  "n_atoms": 65977,
  "trajectory": "/home/jnz/AIGT_esmc/Gromacs/neg_fix_v1_top200/rank060_GWHPBECS041209/outputs/prod.dcd",
  "final_pdb": "/home/jnz/AIGT_esmc/Gromacs/neg_fix_v1_top200/rank060_GWHPBECS041209/outputs/final.pdb",
  "log": "/home/jnz/AIGT_esmc/Gromacs/neg_fix_v1_top200/rank060_GWHPBECS041209/outputs/prod.log"
}
