
=== rank083_GWHPBECS005717 GPU 3 2026-06-19 20:05:54 ===
Atoms: 79525, GPU: 0, prod_ns: 2.0
Energy minimization...
NVT 100 ps...
NPT 100 ps...
Production 2.0 ns (1000000 steps)...
{
  "job_id": "rank083_GWHPBECS005717",
  "rank": "83",
  "protein_id": "GWHPBECS005717",
  "gpu_id": 0,
  "prod_ns": 2.0,
  "elapsed_min": 44.891032020250954,
  "status": "done",
  "platform": "OpenMM-CUDA",
  "production_ns": 2.0,
  "n_atoms": 79525,
  "trajectory": "/home/jnz/AIGT_esmc/Gromacs/neg_fix_v1_top200/rank083_GWHPBECS005717/outputs/prod.dcd",
  "final_pdb": "/home/jnz/AIGT_esmc/Gromacs/neg_fix_v1_top200/rank083_GWHPBECS005717/outputs/final.pdb",
  "log": "/home/jnz/AIGT_esmc/Gromacs/neg_fix_v1_top200/rank083_GWHPBECS005717/outputs/prod.log"
}
