
=== rank026_GWHPBECS005381 GPU 2 2026-06-19 06:17:01 ===
Atoms: 67541, GPU: 0, prod_ns: 2.0
Energy minimization...
NVT 100 ps...
NPT 100 ps...
Production 2.0 ns (1000000 steps)...
{
  "job_id": "rank026_GWHPBECS005381",
  "rank": "26",
  "protein_id": "GWHPBECS005381",
  "gpu_id": 0,
  "prod_ns": 2.0,
  "elapsed_min": 44.10633432467778,
  "status": "done",
  "platform": "OpenMM-CUDA",
  "production_ns": 2.0,
  "n_atoms": 67541,
  "trajectory": "/home/jnz/AIGT_esmc/Gromacs/neg_fix_v1_top200/rank026_GWHPBECS005381/outputs/prod.dcd",
  "final_pdb": "/home/jnz/AIGT_esmc/Gromacs/neg_fix_v1_top200/rank026_GWHPBECS005381/outputs/final.pdb",
  "log": "/home/jnz/AIGT_esmc/Gromacs/neg_fix_v1_top200/rank026_GWHPBECS005381/outputs/prod.log"
}
