
=== rank131_GWHPBECS007574 GPU 2 2026-06-20 07:17:50 ===
Atoms: 59925, GPU: 0, prod_ns: 2.0
Energy minimization...
NVT 100 ps...
NPT 100 ps...
Production 2.0 ns (1000000 steps)...
{
  "job_id": "rank131_GWHPBECS007574",
  "rank": "131",
  "protein_id": "GWHPBECS007574",
  "gpu_id": 0,
  "prod_ns": 2.0,
  "elapsed_min": 37.319984217484794,
  "status": "done",
  "platform": "OpenMM-CUDA",
  "production_ns": 2.0,
  "n_atoms": 59925,
  "trajectory": "/home/jnz/AIGT_esmc/Gromacs/neg_fix_v1_top200/rank131_GWHPBECS007574/outputs/prod.dcd",
  "final_pdb": "/home/jnz/AIGT_esmc/Gromacs/neg_fix_v1_top200/rank131_GWHPBECS007574/outputs/final.pdb",
  "log": "/home/jnz/AIGT_esmc/Gromacs/neg_fix_v1_top200/rank131_GWHPBECS007574/outputs/prod.log"
}
