
=== rank092_GWHPBECS026493 GPU 3 2026-06-19 22:15:34 ===
Atoms: 59286, GPU: 0, prod_ns: 2.0
Energy minimization...
NVT 100 ps...
NPT 100 ps...
Production 2.0 ns (1000000 steps)...
{
  "job_id": "rank092_GWHPBECS026493",
  "rank": "92",
  "protein_id": "GWHPBECS026493",
  "gpu_id": 0,
  "prod_ns": 2.0,
  "elapsed_min": 37.36906920671463,
  "status": "done",
  "platform": "OpenMM-CUDA",
  "production_ns": 2.0,
  "n_atoms": 59286,
  "trajectory": "/home/jnz/AIGT_esmc/Gromacs/neg_fix_v1_top200/rank092_GWHPBECS026493/outputs/prod.dcd",
  "final_pdb": "/home/jnz/AIGT_esmc/Gromacs/neg_fix_v1_top200/rank092_GWHPBECS026493/outputs/final.pdb",
  "log": "/home/jnz/AIGT_esmc/Gromacs/neg_fix_v1_top200/rank092_GWHPBECS026493/outputs/prod.log"
}
