
=== rank190_GWHPBECS026589 GPU 1 2026-06-20 21:14:34 ===
Atoms: 63952, GPU: 0, prod_ns: 2.0
Energy minimization...
NVT 100 ps...
NPT 100 ps...
Production 2.0 ns (1000000 steps)...
{
  "job_id": "rank190_GWHPBECS026589",
  "rank": "190",
  "protein_id": "GWHPBECS026589",
  "gpu_id": 0,
  "prod_ns": 2.0,
  "elapsed_min": 39.34807234605153,
  "status": "done",
  "platform": "OpenMM-CUDA",
  "production_ns": 2.0,
  "n_atoms": 63952,
  "trajectory": "/home/jnz/AIGT_esmc/Gromacs/neg_fix_v1_top200/rank190_GWHPBECS026589/outputs/prod.dcd",
  "final_pdb": "/home/jnz/AIGT_esmc/Gromacs/neg_fix_v1_top200/rank190_GWHPBECS026589/outputs/final.pdb",
  "log": "/home/jnz/AIGT_esmc/Gromacs/neg_fix_v1_top200/rank190_GWHPBECS026589/outputs/prod.log"
}
