
=== rank091_GWHPBECS012315 GPU 2 2026-06-19 22:03:37 ===
Atoms: 65715, GPU: 0, prod_ns: 2.0
Energy minimization...
NVT 100 ps...
NPT 100 ps...
Production 2.0 ns (1000000 steps)...
{
  "job_id": "rank091_GWHPBECS012315",
  "rank": "91",
  "protein_id": "GWHPBECS012315",
  "gpu_id": 0,
  "prod_ns": 2.0,
  "elapsed_min": 43.546386909484866,
  "status": "done",
  "platform": "OpenMM-CUDA",
  "production_ns": 2.0,
  "n_atoms": 65715,
  "trajectory": "/home/jnz/AIGT_esmc/Gromacs/neg_fix_v1_top200/rank091_GWHPBECS012315/outputs/prod.dcd",
  "final_pdb": "/home/jnz/AIGT_esmc/Gromacs/neg_fix_v1_top200/rank091_GWHPBECS012315/outputs/final.pdb",
  "log": "/home/jnz/AIGT_esmc/Gromacs/neg_fix_v1_top200/rank091_GWHPBECS012315/outputs/prod.log"
}
