
=== rank016_GWHPBECS019991 GPU 1 2026-06-19 04:09:21 ===
Atoms: 67669, GPU: 0, prod_ns: 2.0
Energy minimization...
NVT 100 ps...
NPT 100 ps...
Production 2.0 ns (1000000 steps)...
{
  "job_id": "rank016_GWHPBECS019991",
  "rank": "16",
  "protein_id": "GWHPBECS019991",
  "gpu_id": 0,
  "prod_ns": 2.0,
  "elapsed_min": 42.0420503060023,
  "status": "done",
  "platform": "OpenMM-CUDA",
  "production_ns": 2.0,
  "n_atoms": 67669,
  "trajectory": "/home/jnz/AIGT_esmc/Gromacs/neg_fix_v1_top200/rank016_GWHPBECS019991/outputs/prod.dcd",
  "final_pdb": "/home/jnz/AIGT_esmc/Gromacs/neg_fix_v1_top200/rank016_GWHPBECS019991/outputs/final.pdb",
  "log": "/home/jnz/AIGT_esmc/Gromacs/neg_fix_v1_top200/rank016_GWHPBECS019991/outputs/prod.log"
}
