
=== rank196_GWHPBECS004456 GPU 2 2026-06-20 22:34:30 ===
Atoms: 91566, GPU: 0, prod_ns: 2.0
Energy minimization...
NVT 100 ps...
NPT 100 ps...
Production 2.0 ns (1000000 steps)...
{
  "job_id": "rank196_GWHPBECS004456",
  "rank": "196",
  "protein_id": "GWHPBECS004456",
  "gpu_id": 0,
  "prod_ns": 2.0,
  "elapsed_min": 58.636485648155215,
  "status": "done",
  "platform": "OpenMM-CUDA",
  "production_ns": 2.0,
  "n_atoms": 91566,
  "trajectory": "/home/jnz/AIGT_esmc/Gromacs/neg_fix_v1_top200/rank196_GWHPBECS004456/outputs/prod.dcd",
  "final_pdb": "/home/jnz/AIGT_esmc/Gromacs/neg_fix_v1_top200/rank196_GWHPBECS004456/outputs/final.pdb",
  "log": "/home/jnz/AIGT_esmc/Gromacs/neg_fix_v1_top200/rank196_GWHPBECS004456/outputs/prod.log"
}
