
=== rank102_GWHPBECS005721 GPU 1 2026-06-20 00:25:46 ===
Atoms: 74695, GPU: 0, prod_ns: 2.0
Energy minimization...
NVT 100 ps...
NPT 100 ps...
Production 2.0 ns (1000000 steps)...
{
  "job_id": "rank102_GWHPBECS005721",
  "rank": "102",
  "protein_id": "GWHPBECS005721",
  "gpu_id": 0,
  "prod_ns": 2.0,
  "elapsed_min": 44.66095066467921,
  "status": "done",
  "platform": "OpenMM-CUDA",
  "production_ns": 2.0,
  "n_atoms": 74695,
  "trajectory": "/home/jnz/AIGT_esmc/Gromacs/neg_fix_v1_top200/rank102_GWHPBECS005721/outputs/prod.dcd",
  "final_pdb": "/home/jnz/AIGT_esmc/Gromacs/neg_fix_v1_top200/rank102_GWHPBECS005721/outputs/final.pdb",
  "log": "/home/jnz/AIGT_esmc/Gromacs/neg_fix_v1_top200/rank102_GWHPBECS005721/outputs/prod.log"
}
