
=== rank134_GWHPBECS005379 GPU 2 2026-06-20 07:55:09 ===
Atoms: 67576, GPU: 0, prod_ns: 2.0
Energy minimization...
NVT 100 ps...
NPT 100 ps...
Production 2.0 ns (1000000 steps)...
{
  "job_id": "rank134_GWHPBECS005379",
  "rank": "134",
  "protein_id": "GWHPBECS005379",
  "gpu_id": 0,
  "prod_ns": 2.0,
  "elapsed_min": 42.54578332503637,
  "status": "done",
  "platform": "OpenMM-CUDA",
  "production_ns": 2.0,
  "n_atoms": 67576,
  "trajectory": "/home/jnz/AIGT_esmc/Gromacs/neg_fix_v1_top200/rank134_GWHPBECS005379/outputs/prod.dcd",
  "final_pdb": "/home/jnz/AIGT_esmc/Gromacs/neg_fix_v1_top200/rank134_GWHPBECS005379/outputs/final.pdb",
  "log": "/home/jnz/AIGT_esmc/Gromacs/neg_fix_v1_top200/rank134_GWHPBECS005379/outputs/prod.log"
}
