
=== rank140_GWHPBECS011561 GPU 3 2026-06-20 09:36:20 ===
Atoms: 56199, GPU: 0, prod_ns: 2.0
Energy minimization...
NVT 100 ps...
NPT 100 ps...
Production 2.0 ns (1000000 steps)...
{
  "job_id": "rank140_GWHPBECS011561",
  "rank": "140",
  "protein_id": "GWHPBECS011561",
  "gpu_id": 0,
  "prod_ns": 2.0,
  "elapsed_min": 35.066708425680794,
  "status": "done",
  "platform": "OpenMM-CUDA",
  "production_ns": 2.0,
  "n_atoms": 56199,
  "trajectory": "/home/jnz/AIGT_esmc/Gromacs/neg_fix_v1_top200/rank140_GWHPBECS011561/outputs/prod.dcd",
  "final_pdb": "/home/jnz/AIGT_esmc/Gromacs/neg_fix_v1_top200/rank140_GWHPBECS011561/outputs/final.pdb",
  "log": "/home/jnz/AIGT_esmc/Gromacs/neg_fix_v1_top200/rank140_GWHPBECS011561/outputs/prod.log"
}
