
=== rank174_GWHPBECS041332 GPU 3 2026-06-20 17:38:18 ===
Atoms: 56710, GPU: 0, prod_ns: 2.0
Energy minimization...
NVT 100 ps...
NPT 100 ps...
Production 2.0 ns (1000000 steps)...
{
  "job_id": "rank174_GWHPBECS041332",
  "rank": "174",
  "protein_id": "GWHPBECS041332",
  "gpu_id": 0,
  "prod_ns": 2.0,
  "elapsed_min": 35.40326617956161,
  "status": "done",
  "platform": "OpenMM-CUDA",
  "production_ns": 2.0,
  "n_atoms": 56710,
  "trajectory": "/home/jnz/AIGT_esmc/Gromacs/neg_fix_v1_top200/rank174_GWHPBECS041332/outputs/prod.dcd",
  "final_pdb": "/home/jnz/AIGT_esmc/Gromacs/neg_fix_v1_top200/rank174_GWHPBECS041332/outputs/final.pdb",
  "log": "/home/jnz/AIGT_esmc/Gromacs/neg_fix_v1_top200/rank174_GWHPBECS041332/outputs/prod.log"
}
