
=== rank012_GWHPBECS006191 GPU 3 2026-06-19 02:56:46 ===
Atoms: 68380, GPU: 0, prod_ns: 2.0
Energy minimization...
NVT 100 ps...
NPT 100 ps...
Production 2.0 ns (1000000 steps)...
{
  "job_id": "rank012_GWHPBECS006191",
  "rank": "12",
  "protein_id": "GWHPBECS006191",
  "gpu_id": 0,
  "prod_ns": 2.0,
  "elapsed_min": 41.09209795792898,
  "status": "done",
  "platform": "OpenMM-CUDA",
  "production_ns": 2.0,
  "n_atoms": 68380,
  "trajectory": "/home/jnz/AIGT_esmc/Gromacs/neg_fix_v1_top200/rank012_GWHPBECS006191/outputs/prod.dcd",
  "final_pdb": "/home/jnz/AIGT_esmc/Gromacs/neg_fix_v1_top200/rank012_GWHPBECS006191/outputs/final.pdb",
  "log": "/home/jnz/AIGT_esmc/Gromacs/neg_fix_v1_top200/rank012_GWHPBECS006191/outputs/prod.log"
}
