
=== rank183_GWHPBECS019871 GPU 2 2026-06-20 19:51:00 ===
Atoms: 62377, GPU: 0, prod_ns: 2.0
Energy minimization...
NVT 100 ps...
NPT 100 ps...
Production 2.0 ns (1000000 steps)...
{
  "job_id": "rank183_GWHPBECS019871",
  "rank": "183",
  "protein_id": "GWHPBECS019871",
  "gpu_id": 0,
  "prod_ns": 2.0,
  "elapsed_min": 37.90715608596802,
  "status": "done",
  "platform": "OpenMM-CUDA",
  "production_ns": 2.0,
  "n_atoms": 62377,
  "trajectory": "/home/jnz/AIGT_esmc/Gromacs/neg_fix_v1_top200/rank183_GWHPBECS019871/outputs/prod.dcd",
  "final_pdb": "/home/jnz/AIGT_esmc/Gromacs/neg_fix_v1_top200/rank183_GWHPBECS019871/outputs/final.pdb",
  "log": "/home/jnz/AIGT_esmc/Gromacs/neg_fix_v1_top200/rank183_GWHPBECS019871/outputs/prod.log"
}
