
=== rank148_GWHPBECS036196 GPU 3 2026-06-20 11:22:11 ===
Atoms: 76997, GPU: 0, prod_ns: 2.0
Energy minimization...
NVT 100 ps...
NPT 100 ps...
Production 2.0 ns (1000000 steps)...
{
  "job_id": "rank148_GWHPBECS036196",
  "rank": "148",
  "protein_id": "GWHPBECS036196",
  "gpu_id": 0,
  "prod_ns": 2.0,
  "elapsed_min": 44.91520254611969,
  "status": "done",
  "platform": "OpenMM-CUDA",
  "production_ns": 2.0,
  "n_atoms": 76997,
  "trajectory": "/home/jnz/AIGT_esmc/Gromacs/neg_fix_v1_top200/rank148_GWHPBECS036196/outputs/prod.dcd",
  "final_pdb": "/home/jnz/AIGT_esmc/Gromacs/neg_fix_v1_top200/rank148_GWHPBECS036196/outputs/final.pdb",
  "log": "/home/jnz/AIGT_esmc/Gromacs/neg_fix_v1_top200/rank148_GWHPBECS036196/outputs/prod.log"
}
