
=== rank192_GWHPBECS039788 GPU 2 2026-06-20 21:52:44 ===
Atoms: 64507, GPU: 0, prod_ns: 2.0
Energy minimization...
NVT 100 ps...
NPT 100 ps...
Production 2.0 ns (1000000 steps)...
{
  "job_id": "rank192_GWHPBECS039788",
  "rank": "192",
  "protein_id": "GWHPBECS039788",
  "gpu_id": 0,
  "prod_ns": 2.0,
  "elapsed_min": 41.76284168958664,
  "status": "done",
  "platform": "OpenMM-CUDA",
  "production_ns": 2.0,
  "n_atoms": 64507,
  "trajectory": "/home/jnz/AIGT_esmc/Gromacs/neg_fix_v1_top200/rank192_GWHPBECS039788/outputs/prod.dcd",
  "final_pdb": "/home/jnz/AIGT_esmc/Gromacs/neg_fix_v1_top200/rank192_GWHPBECS039788/outputs/final.pdb",
  "log": "/home/jnz/AIGT_esmc/Gromacs/neg_fix_v1_top200/rank192_GWHPBECS039788/outputs/prod.log"
}
