
=== rank122_GWHPBECS012322 GPU 3 2026-06-20 05:20:45 ===
Atoms: 61251, GPU: 0, prod_ns: 2.0
Energy minimization...
NVT 100 ps...
NPT 100 ps...
Production 2.0 ns (1000000 steps)...
{
  "job_id": "rank122_GWHPBECS012322",
  "rank": "122",
  "protein_id": "GWHPBECS012322",
  "gpu_id": 0,
  "prod_ns": 2.0,
  "elapsed_min": 38.07604121367137,
  "status": "done",
  "platform": "OpenMM-CUDA",
  "production_ns": 2.0,
  "n_atoms": 61251,
  "trajectory": "/home/jnz/AIGT_esmc/Gromacs/neg_fix_v1_top200/rank122_GWHPBECS012322/outputs/prod.dcd",
  "final_pdb": "/home/jnz/AIGT_esmc/Gromacs/neg_fix_v1_top200/rank122_GWHPBECS012322/outputs/final.pdb",
  "log": "/home/jnz/AIGT_esmc/Gromacs/neg_fix_v1_top200/rank122_GWHPBECS012322/outputs/prod.log"
}
