
=== rank080_GWHPBECS013157 GPU 3 2026-06-19 19:10:52 ===
Atoms: 88975, GPU: 0, prod_ns: 2.0
Energy minimization...
NVT 100 ps...
NPT 100 ps...
Production 2.0 ns (1000000 steps)...
{
  "job_id": "rank080_GWHPBECS013157",
  "rank": "80",
  "protein_id": "GWHPBECS013157",
  "gpu_id": 0,
  "prod_ns": 2.0,
  "elapsed_min": 55.02942852576574,
  "status": "done",
  "platform": "OpenMM-CUDA",
  "production_ns": 2.0,
  "n_atoms": 88975,
  "trajectory": "/home/jnz/AIGT_esmc/Gromacs/neg_fix_v1_top200/rank080_GWHPBECS013157/outputs/prod.dcd",
  "final_pdb": "/home/jnz/AIGT_esmc/Gromacs/neg_fix_v1_top200/rank080_GWHPBECS013157/outputs/final.pdb",
  "log": "/home/jnz/AIGT_esmc/Gromacs/neg_fix_v1_top200/rank080_GWHPBECS013157/outputs/prod.log"
}
