
=== rank058_GWHPBECS042661 GPU 1 2026-06-19 14:05:20 ===
Atoms: 80208, GPU: 0, prod_ns: 2.0
Energy minimization...
NVT 100 ps...
NPT 100 ps...
Production 2.0 ns (1000000 steps)...
{
  "job_id": "rank058_GWHPBECS042661",
  "rank": "58",
  "protein_id": "GWHPBECS042661",
  "gpu_id": 0,
  "prod_ns": 2.0,
  "elapsed_min": 45.30777688821157,
  "status": "done",
  "platform": "OpenMM-CUDA",
  "production_ns": 2.0,
  "n_atoms": 80208,
  "trajectory": "/home/jnz/AIGT_esmc/Gromacs/neg_fix_v1_top200/rank058_GWHPBECS042661/outputs/prod.dcd",
  "final_pdb": "/home/jnz/AIGT_esmc/Gromacs/neg_fix_v1_top200/rank058_GWHPBECS042661/outputs/final.pdb",
  "log": "/home/jnz/AIGT_esmc/Gromacs/neg_fix_v1_top200/rank058_GWHPBECS042661/outputs/prod.log"
}
