
=== rank073_GWHPBECS005716 GPU 1 2026-06-19 17:36:26 ===
Atoms: 77308, GPU: 0, prod_ns: 2.0
Energy minimization...
NVT 100 ps...
NPT 100 ps...
Production 2.0 ns (1000000 steps)...
{
  "job_id": "rank073_GWHPBECS005716",
  "rank": "73",
  "protein_id": "GWHPBECS005716",
  "gpu_id": 0,
  "prod_ns": 2.0,
  "elapsed_min": 45.80765424569448,
  "status": "done",
  "platform": "OpenMM-CUDA",
  "production_ns": 2.0,
  "n_atoms": 77308,
  "trajectory": "/home/jnz/AIGT_esmc/Gromacs/neg_fix_v1_top200/rank073_GWHPBECS005716/outputs/prod.dcd",
  "final_pdb": "/home/jnz/AIGT_esmc/Gromacs/neg_fix_v1_top200/rank073_GWHPBECS005716/outputs/final.pdb",
  "log": "/home/jnz/AIGT_esmc/Gromacs/neg_fix_v1_top200/rank073_GWHPBECS005716/outputs/prod.log"
}
