
=== rank081_GWHPBECS034414 GPU 2 2026-06-19 19:29:25 ===
Atoms: 62335, GPU: 0, prod_ns: 2.0
Energy minimization...
NVT 100 ps...
NPT 100 ps...
Production 2.0 ns (1000000 steps)...
{
  "job_id": "rank081_GWHPBECS034414",
  "rank": "81",
  "protein_id": "GWHPBECS034414",
  "gpu_id": 0,
  "prod_ns": 2.0,
  "elapsed_min": 37.7445876121521,
  "status": "done",
  "platform": "OpenMM-CUDA",
  "production_ns": 2.0,
  "n_atoms": 62335,
  "trajectory": "/home/jnz/AIGT_esmc/Gromacs/neg_fix_v1_top200/rank081_GWHPBECS034414/outputs/prod.dcd",
  "final_pdb": "/home/jnz/AIGT_esmc/Gromacs/neg_fix_v1_top200/rank081_GWHPBECS034414/outputs/final.pdb",
  "log": "/home/jnz/AIGT_esmc/Gromacs/neg_fix_v1_top200/rank081_GWHPBECS034414/outputs/prod.log"
}
