
=== rank146_GWHPBECS004648 GPU 1 2026-06-20 10:45:49 ===
Atoms: 76169, GPU: 0, prod_ns: 2.0
Energy minimization...
NVT 100 ps...
NPT 100 ps...
Production 2.0 ns (1000000 steps)...
{
  "job_id": "rank146_GWHPBECS004648",
  "rank": "146",
  "protein_id": "GWHPBECS004648",
  "gpu_id": 0,
  "prod_ns": 2.0,
  "elapsed_min": 45.229395389556885,
  "status": "done",
  "platform": "OpenMM-CUDA",
  "production_ns": 2.0,
  "n_atoms": 76169,
  "trajectory": "/home/jnz/AIGT_esmc/Gromacs/neg_fix_v1_top200/rank146_GWHPBECS004648/outputs/prod.dcd",
  "final_pdb": "/home/jnz/AIGT_esmc/Gromacs/neg_fix_v1_top200/rank146_GWHPBECS004648/outputs/final.pdb",
  "log": "/home/jnz/AIGT_esmc/Gromacs/neg_fix_v1_top200/rank146_GWHPBECS004648/outputs/prod.log"
}
