
=== rank030_GWHPBECS023845 GPU 1 2026-06-19 07:33:34 ===
Atoms: 61914, GPU: 0, prod_ns: 2.0
Energy minimization...
NVT 100 ps...
NPT 100 ps...
Production 2.0 ns (1000000 steps)...
{
  "job_id": "rank030_GWHPBECS023845",
  "rank": "30",
  "protein_id": "GWHPBECS023845",
  "gpu_id": 0,
  "prod_ns": 2.0,
  "elapsed_min": 40.06937569777171,
  "status": "done",
  "platform": "OpenMM-CUDA",
  "production_ns": 2.0,
  "n_atoms": 61914,
  "trajectory": "/home/jnz/AIGT_esmc/Gromacs/neg_fix_v1_top200/rank030_GWHPBECS023845/outputs/prod.dcd",
  "final_pdb": "/home/jnz/AIGT_esmc/Gromacs/neg_fix_v1_top200/rank030_GWHPBECS023845/outputs/final.pdb",
  "log": "/home/jnz/AIGT_esmc/Gromacs/neg_fix_v1_top200/rank030_GWHPBECS023845/outputs/prod.log"
}
