
=== rank145_GWHPBECS040957 GPU 3 2026-06-20 10:44:33 ===
Atoms: 63333, GPU: 0, prod_ns: 2.0
Energy minimization...
NVT 100 ps...
NPT 100 ps...
Production 2.0 ns (1000000 steps)...
{
  "job_id": "rank145_GWHPBECS040957",
  "rank": "145",
  "protein_id": "GWHPBECS040957",
  "gpu_id": 0,
  "prod_ns": 2.0,
  "elapsed_min": 37.61656845410665,
  "status": "done",
  "platform": "OpenMM-CUDA",
  "production_ns": 2.0,
  "n_atoms": 63333,
  "trajectory": "/home/jnz/AIGT_esmc/Gromacs/neg_fix_v1_top200/rank145_GWHPBECS040957/outputs/prod.dcd",
  "final_pdb": "/home/jnz/AIGT_esmc/Gromacs/neg_fix_v1_top200/rank145_GWHPBECS040957/outputs/final.pdb",
  "log": "/home/jnz/AIGT_esmc/Gromacs/neg_fix_v1_top200/rank145_GWHPBECS040957/outputs/prod.log"
}
