=== rank001_GWHPBECS001198 GPU 0 ===
Atoms: 75786, GPU: 0, prod_ns: 2.0
Energy minimization...
NVT 100 ps...
NPT 100 ps...
Production 2.0 ns (1000000 steps)...
{
  "job_id": "rank001_GWHPBECS001198",
  "rank": "1",
  "protein_id": "GWHPBECS001198",
  "gpu_id": 0,
  "prod_ns": 2.0,
  "elapsed_min": 24.114547232786816,
  "status": "done",
  "platform": "OpenMM-CUDA",
  "production_ns": 2.0,
  "n_atoms": 75786,
  "trajectory": "/home/jnz/AIGT_esmc/Gromacs/neg_fix_v1_top10/rank001_GWHPBECS001198/outputs/prod.dcd",
  "final_pdb": "/home/jnz/AIGT_esmc/Gromacs/neg_fix_v1_top10/rank001_GWHPBECS001198/outputs/final.pdb",
  "log": "/home/jnz/AIGT_esmc/Gromacs/neg_fix_v1_top10/rank001_GWHPBECS001198/outputs/prod.log"
}
