=== rank005_GWHPBECS023836 GPU 3 ===
Atoms: 63632, GPU: 0, prod_ns: 2.0
Energy minimization...
NVT 100 ps...
NPT 100 ps...
Production 2.0 ns (1000000 steps)...
{
  "job_id": "rank005_GWHPBECS023836",
  "rank": "5",
  "protein_id": "GWHPBECS023836",
  "gpu_id": 0,
  "prod_ns": 2.0,
  "elapsed_min": 37.36575709184011,
  "status": "done",
  "platform": "OpenMM-CUDA",
  "production_ns": 2.0,
  "n_atoms": 63632,
  "trajectory": "/home/jnz/AIGT_esmc/Gromacs/neg_fix_v1_top10/rank005_GWHPBECS023836/outputs/prod.dcd",
  "final_pdb": "/home/jnz/AIGT_esmc/Gromacs/neg_fix_v1_top10/rank005_GWHPBECS023836/outputs/final.pdb",
  "log": "/home/jnz/AIGT_esmc/Gromacs/neg_fix_v1_top10/rank005_GWHPBECS023836/outputs/prod.log"
}
