=== rank002_GWHPBECS032946 GPU 0 ===
Atoms: 76647, GPU: 0, prod_ns: 2.0
Energy minimization...
NVT 100 ps...
NPT 100 ps...
Production 2.0 ns (1000000 steps)...
{
  "job_id": "rank002_GWHPBECS032946",
  "rank": "2",
  "protein_id": "GWHPBECS032946",
  "gpu_id": 0,
  "prod_ns": 2.0,
  "elapsed_min": 51.08800623019536,
  "status": "done",
  "platform": "OpenMM-CUDA",
  "production_ns": 2.0,
  "n_atoms": 76647,
  "trajectory": "/home/jnz/AIGT_esmc/Gromacs/neg_fix_v1_top10/rank002_GWHPBECS032946/outputs/prod.dcd",
  "final_pdb": "/home/jnz/AIGT_esmc/Gromacs/neg_fix_v1_top10/rank002_GWHPBECS032946/outputs/final.pdb",
  "log": "/home/jnz/AIGT_esmc/Gromacs/neg_fix_v1_top10/rank002_GWHPBECS032946/outputs/prod.log"
}
