=== rank003_GWHPBECS031879 GPU 1 ===
Atoms: 80739, GPU: 0, prod_ns: 2.0
Energy minimization...
NVT 100 ps...
NPT 100 ps...
Production 2.0 ns (1000000 steps)...
{
  "job_id": "rank003_GWHPBECS031879",
  "rank": "3",
  "protein_id": "GWHPBECS031879",
  "gpu_id": 0,
  "prod_ns": 2.0,
  "elapsed_min": 40.768900958697,
  "status": "done",
  "platform": "OpenMM-CUDA",
  "production_ns": 2.0,
  "n_atoms": 80739,
  "trajectory": "/home/jnz/AIGT_esmc/Gromacs/neg_fix_v1_top10/rank003_GWHPBECS031879/outputs/prod.dcd",
  "final_pdb": "/home/jnz/AIGT_esmc/Gromacs/neg_fix_v1_top10/rank003_GWHPBECS031879/outputs/final.pdb",
  "log": "/home/jnz/AIGT_esmc/Gromacs/neg_fix_v1_top10/rank003_GWHPBECS031879/outputs/prod.log"
}
