=== rank004_GWHPBECS023846 GPU 2 ===
Atoms: 64919, GPU: 0, prod_ns: 2.0
Energy minimization...
NVT 100 ps...
NPT 100 ps...
Production 2.0 ns (1000000 steps)...
{
  "job_id": "rank004_GWHPBECS023846",
  "rank": "4",
  "protein_id": "GWHPBECS023846",
  "gpu_id": 0,
  "prod_ns": 2.0,
  "elapsed_min": 42.40361313819885,
  "status": "done",
  "platform": "OpenMM-CUDA",
  "production_ns": 2.0,
  "n_atoms": 64919,
  "trajectory": "/home/jnz/AIGT_esmc/Gromacs/neg_fix_v1_top10/rank004_GWHPBECS023846/outputs/prod.dcd",
  "final_pdb": "/home/jnz/AIGT_esmc/Gromacs/neg_fix_v1_top10/rank004_GWHPBECS023846/outputs/final.pdb",
  "log": "/home/jnz/AIGT_esmc/Gromacs/neg_fix_v1_top10/rank004_GWHPBECS023846/outputs/prod.log"
}
